Archive member included to satisfy reference by file (symbol)

c:/dev_tools/gcc-arm-none-eabi-10.3-2021.10-win32/gcc-arm-none-eabi-10.3-2021.10/bin/../lib/gcc/arm-none-eabi/10.3.1/../../../../arm-none-eabi/lib/thumb/v7e-m+fp/hard\libc_nano.a(lib_a-exit.o)
                              c:/dev_tools/gcc-arm-none-eabi-10.3-2021.10-win32/gcc-arm-none-eabi-10.3-2021.10/bin/../lib/gcc/arm-none-eabi/10.3.1/../../../../arm-none-eabi/lib/thumb/v7e-m+fp/hard/crt0.o (exit)
c:/dev_tools/gcc-arm-none-eabi-10.3-2021.10-win32/gcc-arm-none-eabi-10.3-2021.10/bin/../lib/gcc/arm-none-eabi/10.3.1/../../../../arm-none-eabi/lib/thumb/v7e-m+fp/hard\libc_nano.a(lib_a-impure.o)
                              c:/dev_tools/gcc-arm-none-eabi-10.3-2021.10-win32/gcc-arm-none-eabi-10.3-2021.10/bin/../lib/gcc/arm-none-eabi/10.3.1/../../../../arm-none-eabi/lib/thumb/v7e-m+fp/hard\libc_nano.a(lib_a-exit.o) (_global_impure_ptr)
c:/dev_tools/gcc-arm-none-eabi-10.3-2021.10-win32/gcc-arm-none-eabi-10.3-2021.10/bin/../lib/gcc/arm-none-eabi/10.3.1/../../../../arm-none-eabi/lib/thumb/v7e-m+fp/hard\libc_nano.a(lib_a-init.o)
                              c:/dev_tools/gcc-arm-none-eabi-10.3-2021.10-win32/gcc-arm-none-eabi-10.3-2021.10/bin/../lib/gcc/arm-none-eabi/10.3.1/../../../../arm-none-eabi/lib/thumb/v7e-m+fp/hard/crt0.o (__libc_init_array)
c:/dev_tools/gcc-arm-none-eabi-10.3-2021.10-win32/gcc-arm-none-eabi-10.3-2021.10/bin/../lib/gcc/arm-none-eabi/10.3.1/../../../../arm-none-eabi/lib/thumb/v7e-m+fp/hard\libc_nano.a(lib_a-memset.o)
                              c:/dev_tools/gcc-arm-none-eabi-10.3-2021.10-win32/gcc-arm-none-eabi-10.3-2021.10/bin/../lib/gcc/arm-none-eabi/10.3.1/../../../../arm-none-eabi/lib/thumb/v7e-m+fp/hard/crt0.o (memset)
c:/dev_tools/gcc-arm-none-eabi-10.3-2021.10-win32/gcc-arm-none-eabi-10.3-2021.10/bin/../lib/gcc/arm-none-eabi/10.3.1/../../../../arm-none-eabi/lib/thumb/v7e-m+fp/hard\libc_nano.a(lib_a-sprintf.o)
                              build/main_functions.o (sprintf)
c:/dev_tools/gcc-arm-none-eabi-10.3-2021.10-win32/gcc-arm-none-eabi-10.3-2021.10/bin/../lib/gcc/arm-none-eabi/10.3.1/../../../../arm-none-eabi/lib/thumb/v7e-m+fp/hard\libc_nano.a(lib_a-strlen.o)
                              build/main_functions.o (strlen)
c:/dev_tools/gcc-arm-none-eabi-10.3-2021.10-win32/gcc-arm-none-eabi-10.3-2021.10/bin/../lib/gcc/arm-none-eabi/10.3.1/../../../../arm-none-eabi/lib/thumb/v7e-m+fp/hard\libc_nano.a(lib_a-nano-svfprintf.o)
                              c:/dev_tools/gcc-arm-none-eabi-10.3-2021.10-win32/gcc-arm-none-eabi-10.3-2021.10/bin/../lib/gcc/arm-none-eabi/10.3.1/../../../../arm-none-eabi/lib/thumb/v7e-m+fp/hard\libc_nano.a(lib_a-sprintf.o) (_svfprintf_r)
c:/dev_tools/gcc-arm-none-eabi-10.3-2021.10-win32/gcc-arm-none-eabi-10.3-2021.10/bin/../lib/gcc/arm-none-eabi/10.3.1/../../../../arm-none-eabi/lib/thumb/v7e-m+fp/hard\libc_nano.a(lib_a-nano-vfprintf_i.o)
                              c:/dev_tools/gcc-arm-none-eabi-10.3-2021.10-win32/gcc-arm-none-eabi-10.3-2021.10/bin/../lib/gcc/arm-none-eabi/10.3.1/../../../../arm-none-eabi/lib/thumb/v7e-m+fp/hard\libc_nano.a(lib_a-nano-svfprintf.o) (_printf_i)
c:/dev_tools/gcc-arm-none-eabi-10.3-2021.10-win32/gcc-arm-none-eabi-10.3-2021.10/bin/../lib/gcc/arm-none-eabi/10.3.1/../../../../arm-none-eabi/lib/thumb/v7e-m+fp/hard\libc_nano.a(lib_a-memchr.o)
                              c:/dev_tools/gcc-arm-none-eabi-10.3-2021.10-win32/gcc-arm-none-eabi-10.3-2021.10/bin/../lib/gcc/arm-none-eabi/10.3.1/../../../../arm-none-eabi/lib/thumb/v7e-m+fp/hard\libc_nano.a(lib_a-nano-svfprintf.o) (memchr)
c:/dev_tools/gcc-arm-none-eabi-10.3-2021.10-win32/gcc-arm-none-eabi-10.3-2021.10/bin/../lib/gcc/arm-none-eabi/10.3.1/../../../../arm-none-eabi/lib/thumb/v7e-m+fp/hard\libc_nano.a(lib_a-memcpy-stub.o)
                              c:/dev_tools/gcc-arm-none-eabi-10.3-2021.10-win32/gcc-arm-none-eabi-10.3-2021.10/bin/../lib/gcc/arm-none-eabi/10.3.1/../../../../arm-none-eabi/lib/thumb/v7e-m+fp/hard\libc_nano.a(lib_a-nano-svfprintf.o) (memcpy)
c:/dev_tools/gcc-arm-none-eabi-10.3-2021.10-win32/gcc-arm-none-eabi-10.3-2021.10/bin/../lib/gcc/arm-none-eabi/10.3.1/../../../../arm-none-eabi/lib/thumb/v7e-m+fp/hard\libc_nano.a(lib_a-memmove.o)
                              c:/dev_tools/gcc-arm-none-eabi-10.3-2021.10-win32/gcc-arm-none-eabi-10.3-2021.10/bin/../lib/gcc/arm-none-eabi/10.3.1/../../../../arm-none-eabi/lib/thumb/v7e-m+fp/hard\libc_nano.a(lib_a-nano-svfprintf.o) (memmove)
c:/dev_tools/gcc-arm-none-eabi-10.3-2021.10-win32/gcc-arm-none-eabi-10.3-2021.10/bin/../lib/gcc/arm-none-eabi/10.3.1/../../../../arm-none-eabi/lib/thumb/v7e-m+fp/hard\libc_nano.a(lib_a-nano-freer.o)
                              c:/dev_tools/gcc-arm-none-eabi-10.3-2021.10-win32/gcc-arm-none-eabi-10.3-2021.10/bin/../lib/gcc/arm-none-eabi/10.3.1/../../../../arm-none-eabi/lib/thumb/v7e-m+fp/hard\libc_nano.a(lib_a-nano-svfprintf.o) (_free_r)
[...]
Memory Configuration

Name             Origin             Length             Attributes
RAM              0x20000000         0x00020000         xrw
FLASH            0x08000000         0x00080000         xr
*default*        0x00000000         0xffffffff

Linker script and memory map

LOAD c:/dev_tools/gcc-arm-none-eabi-10.3-2021.10-win32/gcc-arm-none-eabi-10.3-2021.10/bin/../lib/gcc/arm-none-eabi/10.3.1/thumb/v7e-m+fp/hard/crti.o
LOAD c:/dev_tools/gcc-arm-none-eabi-10.3-2021.10-win32/gcc-arm-none-eabi-10.3-2021.10/bin/../lib/gcc/arm-none-eabi/10.3.1/thumb/v7e-m+fp/hard/crtbegin.o
LOAD c:/dev_tools/gcc-arm-none-eabi-10.3-2021.10-win32/gcc-arm-none-eabi-10.3-2021.10/bin/../lib/gcc/arm-none-eabi/10.3.1/../../../../arm-none-eabi/lib/thumb/v7e-m+fp/hard/crt0.o
LOAD build/main.o
LOAD build/main_functions.o
LOAD build/i2c-lcd.o
LOAD build/accelerometer_data.o
LOAD build/fatfs_sd.o
LOAD build/user_diskio.o
LOAD build/stm32f4xx_it.o
LOAD build/stm32f4xx_hal_msp.o
LOAD build/stm32f4xx_hal_i2c.o
LOAD build/stm32f4xx_hal_i2c_ex.o
LOAD build/stm32f4xx_hal_rcc.o
LOAD build/stm32f4xx_hal_rcc_ex.o
LOAD build/stm32f4xx_hal_flash.o
LOAD build/stm32f4xx_hal_flash_ex.o
LOAD build/stm32f4xx_hal_flash_ramfunc.o
LOAD build/stm32f4xx_hal_gpio.o
LOAD build/stm32f4xx_hal_dma_ex.o
LOAD build/stm32f4xx_hal_dma.o
LOAD build/stm32f4xx_hal_pwr.o
LOAD build/stm32f4xx_hal_pwr_ex.o
LOAD build/stm32f4xx_hal_cortex.o
LOAD build/stm32f4xx_hal.o
LOAD build/stm32f4xx_hal_exti.o
LOAD build/stm32f4xx_hal_tim.o
LOAD build/stm32f4xx_hal_tim_ex.o
LOAD build/stm32f4xx_hal_uart.o
LOAD build/system_stm32f4xx.o
LOAD build/fatfs.o
LOAD build/stm32f4xx_hal_spi.o
LOAD build/diskio.o
LOAD build/ff.o
LOAD build/ff_gen_drv.o
LOAD build/syscall.o
LOAD build/ccsbcs.o
LOAD build/startup_stm32f411xe.o
LOAD c:/dev_tools/gcc-arm-none-eabi-10.3-2021.10-win32/gcc-arm-none-eabi-10.3-2021.10/bin/../lib/gcc/arm-none-eabi/10.3.1/../../../../arm-none-eabi/lib/thumb/v7e-m+fp/hard\libc_nano.a
LOAD c:/dev_tools/gcc-arm-none-eabi-10.3-2021.10-win32/gcc-arm-none-eabi-10.3-2021.10/bin/../lib/gcc/arm-none-eabi/10.3.1/../../../../arm-none-eabi/lib/thumb/v7e-m+fp/hard\libm.a
LOAD c:/dev_tools/gcc-arm-none-eabi-10.3-2021.10-win32/gcc-arm-none-eabi-10.3-2021.10/bin/../lib/gcc/arm-none-eabi/10.3.1/../../../../arm-none-eabi/lib/thumb/v7e-m+fp/hard\libnosys.a
START GROUP
LOAD c:/dev_tools/gcc-arm-none-eabi-10.3-2021.10-win32/gcc-arm-none-eabi-10.3-2021.10/bin/../lib/gcc/arm-none-eabi/10.3.1/thumb/v7e-m+fp/hard\libgcc.a
LOAD c:/dev_tools/gcc-arm-none-eabi-10.3-2021.10-win32/gcc-arm-none-eabi-10.3-2021.10/bin/../lib/gcc/arm-none-eabi/10.3.1/../../../../arm-none-eabi/lib/thumb/v7e-m+fp/hard\libc_nano.a
END GROUP
START GROUP
LOAD c:/dev_tools/gcc-arm-none-eabi-10.3-2021.10-win32/gcc-arm-none-eabi-10.3-2021.10/bin/../lib/gcc/arm-none-eabi/10.3.1/thumb/v7e-m+fp/hard\libgcc.a
LOAD c:/dev_tools/gcc-arm-none-eabi-10.3-2021.10-win32/gcc-arm-none-eabi-10.3-2021.10/bin/../lib/gcc/arm-none-eabi/10.3.1/../../../../arm-none-eabi/lib/thumb/v7e-m+fp/hard\libc_nano.a
END GROUP
LOAD c:/dev_tools/gcc-arm-none-eabi-10.3-2021.10-win32/gcc-arm-none-eabi-10.3-2021.10/bin/../lib/gcc/arm-none-eabi/10.3.1/thumb/v7e-m+fp/hard/crtend.o
LOAD c:/dev_tools/gcc-arm-none-eabi-10.3-2021.10-win32/gcc-arm-none-eabi-10.3-2021.10/bin/../lib/gcc/arm-none-eabi/10.3.1/thumb/v7e-m+fp/hard/crtn.o
                0x20020000                _estack = 0x20020000
                0x00000200                _Min_Heap_Size = 0x200
                0x00000400                _Min_Stack_Size = 0x400

.isr_vector     0x08000000      0x198
                0x08000000                . = ALIGN (0x4)
 *(.isr_vector)
 .isr_vector    0x08000000      0x198 build/startup_stm32f411xe.o
                0x08000000                g_pfnVectors
                0x08000198                . = ALIGN (0x4)

.text           0x080001a0     0x7264
                0x080001a0                . = ALIGN (0x4)
 *(.text)
 .text          0x080001a0       0x40 c:/dev_tools/gcc-arm-none-eabi-10.3-2021.10-win32/gcc-arm-none-eabi-10.3-2021.10/bin/../lib/gcc/arm-none-eabi/10.3.1/thumb/v7e-m+fp/hard/crtbegin.o
 .text          0x080001e0       0x10 c:/dev_tools/gcc-arm-none-eabi-10.3-2021.10-win32/gcc-arm-none-eabi-10.3-2021.10/bin/../lib/gcc/arm-none-eabi/10.3.1/../../../../arm-none-eabi/lib/thumb/v7e-m+fp/hard\libc_nano.a(lib_a-strlen.o)
                0x080001e0                strlen
 .text          0x080001f0       0xa0 c:/dev_tools/gcc-arm-none-eabi-10.3-2021.10-win32/gcc-arm-none-eabi-10.3-2021.10/bin/../lib/gcc/arm-none-eabi/10.3.1/../../../../arm-none-eabi/lib/thumb/v7e-m+fp/hard\libc_nano.a(lib_a-memchr.o)
                0x080001f0                memchr
 .text          0x08000290      0x254 c:/dev_tools/gcc-arm-none-eabi-10.3-2021.10-win32/gcc-arm-none-eabi-10.3-2021.10/bin/../lib/gcc/arm-none-eabi/10.3.1/thumb/v7e-m+fp/hard\libgcc.a(_arm_muldf3.o)
                0x08000290                __muldf3
                0x08000290                __aeabi_dmul
 .text          0x080004e4      0x378 c:/dev_tools/gcc-arm-none-eabi-10.3-2021.10-win32/gcc-arm-none-eabi-10.3-2021.10/bin/../lib/gcc/arm-none-eabi/10.3.1/thumb/v7e-m+fp/hard\libgcc.a(_arm_addsubdf3.o)
                0x080004e4                __aeabi_drsub
                0x080004ec                __aeabi_dsub
                0x080004ec                __subdf3
                0x080004f0                __aeabi_dadd
                0x080004f0                __adddf3
                0x08000768                __floatunsidf
                0x08000768                __aeabi_ui2d
                0x08000788                __floatsidf
                0x08000788                __aeabi_i2d
                0x080007ac                __aeabi_f2d
                0x080007ac                __extendsfdf2
                0x080007f0                __floatundidf
                0x080007f0                __aeabi_ul2d
                0x08000800                __floatdidf
                0x08000800                __aeabi_l2d
 .text          0x0800085c       0x40 c:/dev_tools/gcc-arm-none-eabi-10.3-2021.10-win32/gcc-arm-none-eabi-10.3-2021.10/bin/../lib/gcc/arm-none-eabi/10.3.1/thumb/v7e-m+fp/hard\libgcc.a(_arm_fixunsdfsi.o)
                0x0800085c                __aeabi_d2uiz
                0x0800085c                __fixunsdfsi
 .text          0x0800089c       0x30 c:/dev_tools/gcc-arm-none-eabi-10.3-2021.10-win32/gcc-arm-none-eabi-10.3-2021.10/bin/../lib/gcc/arm-none-eabi/10.3.1/thumb/v7e-m+fp/hard\libgcc.a(_aeabi_uldivmod.o)
                0x0800089c                __aeabi_uldivmod
 .text          0x080008cc      0x2d0 c:/dev_tools/gcc-arm-none-eabi-10.3-2021.10-win32/gcc-arm-none-eabi-10.3-2021.10/bin/../lib/gcc/arm-none-eabi/10.3.1/thumb/v7e-m+fp/hard\libgcc.a(_udivmoddi4.o)
                0x080008cc                __udivmoddi4
 .text          0x08000b9c        0x4 c:/dev_tools/gcc-arm-none-eabi-10.3-2021.10-win32/gcc-arm-none-eabi-10.3-2021.10/bin/../lib/gcc/arm-none-eabi/10.3.1/thumb/v7e-m+fp/hard\libgcc.a(_dvmd_tls.o)
                0x08000b9c                __aeabi_idiv0
                0x08000b9c                __aeabi_ldiv0
 *(.text*)
 .text.MX_GPIO_Init
                0x08000ba0       0xf8 build/main.o
 .text.MX_DMA_Init
                0x08000c98       0x34 build/main.o
 .text.Error_Handler
                0x08000ccc        0x4 build/main.o
                0x08000ccc                Error_Handler
 .text.MX_USART2_UART_Init
                0x08000cd0       0x34 build/main.o
 .text.MX_I2C1_Init
                0x08000d04       0x38 build/main.o
 .text.MX_SPI2_Init
                0x08000d3c       0x40 build/main.o
 .text.SystemClock_Config
                0x08000d7c       0xa0 build/main.o
                0x08000d7c                SystemClock_Config
 .text.main     0x08000e1c       0x28 build/main.o
                0x08000e1c                main
 .text.accel_cal_prep
                0x08000e44       0x4c build/main_functions.o
                0x08000e44                accel_cal_prep
 .text.accel_cal
                0x08000e90       0x80 build/main_functions.o
                0x08000e90                accel_cal
 .text.bufsize  0x08000f10       0x12 build/main_functions.o
                0x08000f10                bufsize
 *fill*         0x08000f22        0x2 
 .text.bufclear
                0x08000f24       0x18 build/main_functions.o
                0x08000f24                bufclear
 .text.send_uart
                0x08000f3c       0x1c build/main_functions.o
                0x08000f3c                send_uart
 .text.main_function
                0x08000f58      0x2c0 build/main_functions.o
                0x08000f58                main_function
 .text.HAL_GPIO_EXTI_Callback
                0x08001218        0xc build/main_functions.o
                0x08001218                HAL_GPIO_EXTI_Callback
 .text.print_data
                0x08001224       0xa0 build/main_functions.o
                0x08001224                print_data
 .text.normal   0x080012c4      0x3a0 build/main_functions.o
                0x080012c4                normal
 .text.lcd_send_cmd
                0x08001664       0x48 build/i2c-lcd.o
                0x08001664                lcd_send_cmd
 .text.lcd_init
                0x080016ac       0x70 build/i2c-lcd.o
                0x080016ac                lcd_init
 .text.lcd_send_data
                0x0800171c       0x48 build/i2c-lcd.o
                0x0800171c                lcd_send_data
 .text.lcd_clear
                0x08001764       0x1a build/i2c-lcd.o
                0x08001764                lcd_clear
 .text.lcd_send_string
                0x0800177e       0x14 build/i2c-lcd.o
                0x0800177e                lcd_send_string
 *fill*         0x08001792        0x2 
 .text.MPU6050_Init
                0x08001794       0xb0 build/accelerometer_data.o
                0x08001794                MPU6050_Init
 .text.MPU6050_read
                0x08001844       0xa4 build/accelerometer_data.o
                0x08001844                MPU6050_read
 .text.SD_PowerOff
                0x080018e8        0xc build/fatfs_sd.o
 .text.SD_CheckPower
                0x080018f4        0xc build/fatfs_sd.o
 .text.SPI_TxBuffer
                0x08001900       0x20 build/fatfs_sd.o
 .text.SPI_TxByte
                0x08001920       0x2c build/fatfs_sd.o
 .text.SELECT   0x0800194c       0x1c build/fatfs_sd.o
 .text.DESELECT
                0x08001968       0x1c build/fatfs_sd.o
 .text.SPI_RxByte
                0x08001984       0x38 build/fatfs_sd.o
 .text.SD_PowerOn
                0x080019bc       0x6c build/fatfs_sd.o
 .text.SD_ReadyWait
                0x08001a28       0x24 build/fatfs_sd.o
 .text.SD_SendCmd
                0x08001a4c       0x6a build/fatfs_sd.o
 .text.SPI_RxBytePtr
                0x08001ab6        0xc build/fatfs_sd.o
 *fill*         0x08001ac2        0x2 
 .text.SD_RxDataBlock
                0x08001ac4       0x48 build/fatfs_sd.o
 .text.SD_TxDataBlock
                0x08001b0c       0x64 build/fatfs_sd.o
 .text.SD_disk_initialize
                0x08001b70      0x184 build/fatfs_sd.o
                0x08001b70                SD_disk_initialize
 .text.SD_disk_status
                0x08001cf4       0x14 build/fatfs_sd.o
                0x08001cf4                SD_disk_status
 .text.SD_disk_read
                0x08001d08       0x98 build/fatfs_sd.o
                0x08001d08                SD_disk_read
 .text.SD_disk_write
                0x08001da0       0xc4 build/fatfs_sd.o
                0x08001da0                SD_disk_write
 .text.SD_disk_ioctl
                0x08001e64      0x17c build/fatfs_sd.o
                0x08001e64                SD_disk_ioctl
 .text.USER_initialize
                0x08001fe0        0x8 build/user_diskio.o
                0x08001fe0                USER_initialize
 .text.USER_status
                0x08001fe8        0x8 build/user_diskio.o
                0x08001fe8                USER_status
 .text.USER_read
                0x08001ff0        0x8 build/user_diskio.o
                0x08001ff0                USER_read
 .text.USER_write
                0x08001ff8        0x8 build/user_diskio.o
                0x08001ff8                USER_write
 .text.USER_ioctl
                0x08002000        0x8 build/user_diskio.o
                0x08002000                USER_ioctl
 .text.SDTimer_Handler
                0x08002008       0x2c build/stm32f4xx_it.o
                0x08002008                SDTimer_Handler
 .text.NMI_Handler
                0x08002034        0x2 build/stm32f4xx_it.o
                0x08002034                NMI_Handler
 .text.HardFault_Handler
                0x08002036        0x2 build/stm32f4xx_it.o
                0x08002036                HardFault_Handler
 .text.MemManage_Handler
                0x08002038        0x2 build/stm32f4xx_it.o
                0x08002038                MemManage_Handler
 .text.BusFault_Handler
                0x0800203a        0x2 build/stm32f4xx_it.o
                0x0800203a                BusFault_Handler
 .text.UsageFault_Handler
                0x0800203c        0x2 build/stm32f4xx_it.o
                0x0800203c                UsageFault_Handler
 .text.SVC_Handler
                0x0800203e        0x2 build/stm32f4xx_it.o
                0x0800203e                SVC_Handler
 .text.DebugMon_Handler
                0x08002040        0x2 build/stm32f4xx_it.o
                0x08002040                DebugMon_Handler
 .text.PendSV_Handler
                0x08002042        0x2 build/stm32f4xx_it.o
                0x08002042                PendSV_Handler
 .text.SysTick_Handler
                0x08002044       0x2c build/stm32f4xx_it.o
                0x08002044                SysTick_Handler
 .text.EXTI2_IRQHandler
                0x08002070        0xa build/stm32f4xx_it.o
                0x08002070                EXTI2_IRQHandler
 *fill*         0x0800207a        0x2 
 .text.DMA1_Stream6_IRQHandler
                0x0800207c       0x10 build/stm32f4xx_it.o
                0x0800207c                DMA1_Stream6_IRQHandler
 .text.HAL_MspInit
                0x0800208c       0x40 build/stm32f4xx_hal_msp.o
                0x0800208c                HAL_MspInit
 .text.HAL_I2C_MspInit
                0x080020cc       0x70 build/stm32f4xx_hal_msp.o
                0x080020cc                HAL_I2C_MspInit
 .text.HAL_SPI_MspInit
                0x0800213c       0x9c build/stm32f4xx_hal_msp.o
                0x0800213c                HAL_SPI_MspInit
 .text.HAL_UART_MspInit
                0x080021d8       0xb0 build/stm32f4xx_hal_msp.o
                0x080021d8                HAL_UART_MspInit
 .text.I2C_IsAcknowledgeFailed
                0x08002288       0x32 build/stm32f4xx_hal_i2c.o
 .text.I2C_WaitOnFlagUntilTimeout
                0x080022ba       0x7c build/stm32f4xx_hal_i2c.o
 .text.I2C_WaitOnMasterAddressFlagUntilTimeout
                0x08002336       0xaa build/stm32f4xx_hal_i2c.o
 .text.I2C_MasterRequestWrite
                0x080023e0       0xb4 build/stm32f4xx_hal_i2c.o
 .text.I2C_WaitOnTXEFlagUntilTimeout
                0x08002494       0x54 build/stm32f4xx_hal_i2c.o
 .text.I2C_RequestMemoryWrite
                0x080024e8       0xd8 build/stm32f4xx_hal_i2c.o
 .text.I2C_RequestMemoryRead
                0x080025c0      0x154 build/stm32f4xx_hal_i2c.o
 .text.I2C_WaitOnBTFFlagUntilTimeout
                0x08002714       0x54 build/stm32f4xx_hal_i2c.o
 .text.I2C_WaitOnRXNEFlagUntilTimeout
                0x08002768       0x6a build/stm32f4xx_hal_i2c.o
 *fill*         0x080027d2        0x2 
 .text.HAL_I2C_Init
                0x080027d4      0x1bc build/stm32f4xx_hal_i2c.o
                0x080027d4                HAL_I2C_Init
 .text.HAL_I2C_Master_Transmit
                0x08002990      0x178 build/stm32f4xx_hal_i2c.o
                0x08002990                HAL_I2C_Master_Transmit
 .text.HAL_I2C_Mem_Write
                0x08002b08      0x164 build/stm32f4xx_hal_i2c.o
                0x08002b08                HAL_I2C_Mem_Write
 .text.HAL_I2C_Mem_Read
                0x08002c6c      0x2e4 build/stm32f4xx_hal_i2c.o
                0x08002c6c                HAL_I2C_Mem_Read
 .text.HAL_RCC_OscConfig
                0x08002f50      0x3f8 build/stm32f4xx_hal_rcc.o
                0x08002f50                HAL_RCC_OscConfig
 .text.HAL_RCC_GetSysClockFreq
                0x08003348       0xd4 build/stm32f4xx_hal_rcc.o
                0x08003348                HAL_RCC_GetSysClockFreq
 .text.HAL_RCC_ClockConfig
                0x0800341c      0x160 build/stm32f4xx_hal_rcc.o
                0x0800341c                HAL_RCC_ClockConfig
 .text.HAL_RCC_GetHCLKFreq
                0x0800357c        0xc build/stm32f4xx_hal_rcc.o
                0x0800357c                HAL_RCC_GetHCLKFreq
 .text.HAL_RCC_GetPCLK1Freq
                0x08003588       0x20 build/stm32f4xx_hal_rcc.o
                0x08003588                HAL_RCC_GetPCLK1Freq
 .text.HAL_RCC_GetPCLK2Freq
                0x080035a8       0x20 build/stm32f4xx_hal_rcc.o
                0x080035a8                HAL_RCC_GetPCLK2Freq
 .text.HAL_GPIO_Init
                0x080035c8      0x1c0 build/stm32f4xx_hal_gpio.o
                0x080035c8                HAL_GPIO_Init
 .text.HAL_GPIO_WritePin
                0x08003788        0xc build/stm32f4xx_hal_gpio.o
                0x08003788                HAL_GPIO_WritePin
 .text.HAL_GPIO_EXTI_IRQHandler
                0x08003794       0x1c build/stm32f4xx_hal_gpio.o
                0x08003794                HAL_GPIO_EXTI_IRQHandler
 .text.DMA_CalcBaseAndBitshift
                0x080037b0       0x44 build/stm32f4xx_hal_dma.o
 .text.DMA_CheckFifoParam
                0x080037f4       0x8e build/stm32f4xx_hal_dma.o
 *fill*         0x08003882        0x2 
 .text.HAL_DMA_Init
                0x08003884       0xcc build/stm32f4xx_hal_dma.o
                0x08003884                HAL_DMA_Init
 .text.HAL_DMA_IRQHandler
                0x08003950      0x1dc build/stm32f4xx_hal_dma.o
                0x08003950                HAL_DMA_IRQHandler
 .text.HAL_NVIC_SetPriorityGrouping
                0x08003b2c       0x24 build/stm32f4xx_hal_cortex.o
                0x08003b2c                HAL_NVIC_SetPriorityGrouping
 .text.HAL_NVIC_SetPriority
                0x08003b50       0x70 build/stm32f4xx_hal_cortex.o
                0x08003b50                HAL_NVIC_SetPriority
 .text.HAL_NVIC_EnableIRQ
                0x08003bc0       0x1c build/stm32f4xx_hal_cortex.o
                0x08003bc0                HAL_NVIC_EnableIRQ
 .text.HAL_SYSTICK_Config
                0x08003bdc       0x28 build/stm32f4xx_hal_cortex.o
                0x08003bdc                HAL_SYSTICK_Config
 .text.HAL_InitTick
                0x08003c04       0x4c build/stm32f4xx_hal.o
                0x08003c04                HAL_InitTick
 .text.HAL_Init
                0x08003c50       0x34 build/stm32f4xx_hal.o
                0x08003c50                HAL_Init
 .text.HAL_IncTick
                0x08003c84       0x18 build/stm32f4xx_hal.o
                0x08003c84                HAL_IncTick
 .text.HAL_GetTick
                0x08003c9c        0xc build/stm32f4xx_hal.o
                0x08003c9c                HAL_GetTick
 .text.HAL_Delay
                0x08003ca8       0x28 build/stm32f4xx_hal.o
                0x08003ca8                HAL_Delay
 .text.UART_SetConfig
                0x08003cd0      0x110 build/stm32f4xx_hal_uart.o
 .text.UART_WaitOnFlagUntilTimeout
                0x08003de0       0x88 build/stm32f4xx_hal_uart.o
 .text.HAL_UART_Init
                0x08003e68       0x5e build/stm32f4xx_hal_uart.o
                0x08003e68                HAL_UART_Init
 .text.HAL_UART_Transmit
                0x08003ec6       0xd8 build/stm32f4xx_hal_uart.o
                0x08003ec6                HAL_UART_Transmit
 *fill*         0x08003f9e        0x2 
 .text.SystemInit
                0x08003fa0       0x14 build/system_stm32f4xx.o
                0x08003fa0                SystemInit
 .text.MX_FATFS_Init
                0x08003fb4       0x1c build/fatfs.o
                0x08003fb4                MX_FATFS_Init
 .text.get_fattime
                0x08003fd0        0x4 build/fatfs.o
                0x08003fd0                get_fattime
 .text.SPI_WaitFlagStateUntilTimeout
                0x08003fd4       0xd4 build/stm32f4xx_hal_spi.o
 .text.SPI_EndRxTxTransaction
                0x080040a8       0x68 build/stm32f4xx_hal_spi.o
 .text.HAL_SPI_Init
                0x08004110       0xbe build/stm32f4xx_hal_spi.o
                0x08004110                HAL_SPI_Init
 .text.HAL_SPI_Transmit
                0x080041ce      0x1b8 build/stm32f4xx_hal_spi.o
                0x080041ce                HAL_SPI_Transmit
 .text.HAL_SPI_TransmitReceive
                0x08004386      0x238 build/stm32f4xx_hal_spi.o
                0x08004386                HAL_SPI_TransmitReceive
 *fill*         0x080045be        0x2 
 .text.disk_status
                0x080045c0       0x18 build/diskio.o
                0x080045c0                disk_status
 .text.disk_initialize
                0x080045d8       0x28 build/diskio.o
                0x080045d8                disk_initialize
 .text.disk_read
                0x08004600       0x18 build/diskio.o
                0x08004600                disk_read
 .text.disk_write
                0x08004618       0x18 build/diskio.o
                0x08004618                disk_write
 .text.disk_ioctl
                0x08004630       0x18 build/diskio.o
                0x08004630                disk_ioctl
 .text.ld_word  0x08004648        0xa build/ff.o
 .text.ld_dword
                0x08004652       0x16 build/ff.o
 .text.st_word  0x08004668        0x8 build/ff.o
 .text.st_dword
                0x08004670       0x14 build/ff.o
 .text.mem_cpy  0x08004684       0x14 build/ff.o
 .text.mem_set  0x08004698        0xa build/ff.o
 .text.mem_cmp  0x080046a2       0x1a build/ff.o
 .text.chk_chr  0x080046bc       0x10 build/ff.o
 .text.chk_lock
                0x080046cc       0x74 build/ff.o
 .text.enq_lock
                0x08004740       0x20 build/ff.o
 .text.inc_lock
                0x08004760       0xa4 build/ff.o
 .text.dec_lock
                0x08004804       0x40 build/ff.o
 .text.clear_lock
                0x08004844       0x3c build/ff.o
 .text.clust2sect
                0x08004880       0x18 build/ff.o
 .text.clmt_clust
                0x08004898       0x26 build/ff.o
 .text.ld_clust
                0x080048be       0x26 build/ff.o
 .text.st_clust
                0x080048e4       0x26 build/ff.o
 *fill*         0x0800490a        0x2 
 .text.pick_lfn
                0x0800490c       0x84 build/ff.o
 .text.put_lfn  0x08004990       0x78 build/ff.o
 .text.gen_numname
                0x08004a08       0xaa build/ff.o
 .text.sum_sfn  0x08004ab2       0x20 build/ff.o
 .text.get_ldnumber
                0x08004ad2       0x54 build/ff.o
 .text.putc_init
                0x08004b26        0xa build/ff.o
 .text.validate
                0x08004b30       0x46 build/ff.o
 .text.sync_window
                0x08004b76       0x54 build/ff.o
 .text.move_window
                0x08004bca       0x36 build/ff.o
 .text.check_fs
                0x08004c00       0x78 build/ff.o
 .text.find_volume
                0x08004c78      0x354 build/ff.o
 .text.put_fat  0x08004fcc      0x13e build/ff.o
 .text.get_fat  0x0800510a       0xfc build/ff.o
 .text.dir_sdi  0x08005206       0xc0 build/ff.o
 .text.create_chain
                0x080052c6       0xcc build/ff.o
 .text.remove_chain
                0x08005392       0x7e build/ff.o
 .text.dir_next
                0x08005410      0x118 build/ff.o
 .text.dir_alloc
                0x08005528       0x50 build/ff.o
 .text.dir_read
                0x08005578       0xbc build/ff.o
 .text.dir_remove
                0x08005634       0x52 build/ff.o
 *fill*         0x08005686        0x2 
 .text.sync_fs  0x08005688       0x88 build/ff.o
 .text.create_name
                0x08005710      0x22c build/ff.o
 .text.cmp_lfn  0x0800593c       0xa0 build/ff.o
 .text.dir_find
                0x080059dc       0xe6 build/ff.o
 .text.follow_path
                0x08005ac2       0x92 build/ff.o
 .text.dir_register
                0x08005b54      0x140 build/ff.o
 .text.f_mount  0x08005c94       0x5c build/ff.o
                0x08005c94                f_mount
 .text.f_open   0x08005cf0      0x234 build/ff.o
                0x08005cf0                f_open
 .text.f_read   0x08005f24      0x1d8 build/ff.o
                0x08005f24                f_read
 .text.f_write  0x080060fc      0x210 build/ff.o
                0x080060fc                f_write
 .text.putc_bfd
                0x0800630c       0x4e build/ff.o
 .text.putc_flush
                0x0800635a       0x3a build/ff.o
 .text.f_sync   0x08006394       0x98 build/ff.o
                0x08006394                f_sync
 .text.f_close  0x0800642c       0x2a build/ff.o
                0x0800642c                f_close
 .text.f_lseek  0x08006456      0x2a6 build/ff.o
                0x08006456                f_lseek
 .text.f_getfree
                0x080066fc       0xde build/ff.o
                0x080066fc                f_getfree
 .text.f_unlink
                0x080067da       0xb8 build/ff.o
                0x080067da                f_unlink
 .text.f_gets   0x08006892       0x56 build/ff.o
                0x08006892                f_gets
 .text.f_puts   0x080068e8       0x26 build/ff.o
                0x080068e8                f_puts
 *fill*         0x0800690e        0x2 
 .text.FATFS_LinkDriverEx
                0x08006910       0x54 build/ff_gen_drv.o
                0x08006910                FATFS_LinkDriverEx
 .text.FATFS_LinkDriver
                0x08006964        0xa build/ff_gen_drv.o
                0x08006964                FATFS_LinkDriver
 *fill*         0x0800696e        0x2 
 .text.ff_convert
                0x08006970       0x3c build/ccsbcs.o
                0x08006970                ff_convert
 .text.ff_wtoupper
                0x080069ac       0x9c build/ccsbcs.o
                0x080069ac                ff_wtoupper
 .text.Reset_Handler
                0x08006a48       0x50 build/startup_stm32f411xe.o
                0x08006a48                Reset_Handler
 .text.Default_Handler
                0x08006a98        0x2 build/startup_stm32f411xe.o
                0x08006a98                RTC_Alarm_IRQHandler
                0x08006a98                SPI4_IRQHandler
                0x08006a98                TIM1_CC_IRQHandler
                0x08006a98                DMA2_Stream5_IRQHandler
                0x08006a98                DMA1_Stream5_IRQHandler
                0x08006a98                PVD_IRQHandler
                0x08006a98                SDIO_IRQHandler
                0x08006a98                TAMP_STAMP_IRQHandler
                0x08006a98                EXTI3_IRQHandler
                0x08006a98                TIM1_UP_TIM10_IRQHandler
                0x08006a98                I2C3_ER_IRQHandler
                0x08006a98                EXTI0_IRQHandler
                0x08006a98                I2C2_EV_IRQHandler
                0x08006a98                DMA1_Stream2_IRQHandler
                0x08006a98                FPU_IRQHandler
                0x08006a98                DMA2_Stream2_IRQHandler
                0x08006a98                SPI1_IRQHandler
                0x08006a98                TIM1_BRK_TIM9_IRQHandler
                0x08006a98                DMA2_Stream3_IRQHandler
                0x08006a98                USART6_IRQHandler
                0x08006a98                DMA2_Stream0_IRQHandler
                0x08006a98                TIM4_IRQHandler
                0x08006a98                I2C1_EV_IRQHandler
                0x08006a98                DMA1_Stream1_IRQHandler
                0x08006a98                TIM3_IRQHandler
                0x08006a98                RCC_IRQHandler
                0x08006a98                Default_Handler
                0x08006a98                EXTI15_10_IRQHandler
                0x08006a98                ADC_IRQHandler
                0x08006a98                DMA1_Stream7_IRQHandler
                0x08006a98                SPI5_IRQHandler
                0x08006a98                TIM5_IRQHandler
                0x08006a98                DMA2_Stream7_IRQHandler
                0x08006a98                I2C3_EV_IRQHandler
                0x08006a98                EXTI9_5_IRQHandler
                0x08006a98                RTC_WKUP_IRQHandler
                0x08006a98                SPI2_IRQHandler
                0x08006a98                DMA1_Stream0_IRQHandler
                0x08006a98                EXTI4_IRQHandler
                0x08006a98                WWDG_IRQHandler
                0x08006a98                TIM2_IRQHandler
                0x08006a98                OTG_FS_WKUP_IRQHandler
                0x08006a98                TIM1_TRG_COM_TIM11_IRQHandler
                0x08006a98                EXTI1_IRQHandler
                0x08006a98                USART2_IRQHandler
                0x08006a98                I2C2_ER_IRQHandler
                0x08006a98                DMA2_Stream1_IRQHandler
                0x08006a98                FLASH_IRQHandler
                0x08006a98                DMA2_Stream4_IRQHandler
                0x08006a98                USART1_IRQHandler
                0x08006a98                OTG_FS_IRQHandler
                0x08006a98                SPI3_IRQHandler
                0x08006a98                DMA1_Stream4_IRQHandler
                0x08006a98                I2C1_ER_IRQHandler
                0x08006a98                DMA2_Stream6_IRQHandler
                0x08006a98                DMA1_Stream3_IRQHandler
 *fill*         0x08006a9a        0x2 
 .text.__libc_init_array
                0x08006a9c       0x48 c:/dev_tools/gcc-arm-none-eabi-10.3-2021.10-win32/gcc-arm-none-eabi-10.3-2021.10/bin/../lib/gcc/arm-none-eabi/10.3.1/../../../../arm-none-eabi/lib/thumb/v7e-m+fp/hard\libc_nano.a(lib_a-init.o)
                0x08006a9c                __libc_init_array
 .text.memset   0x08006ae4       0x10 c:/dev_tools/gcc-arm-none-eabi-10.3-2021.10-win32/gcc-arm-none-eabi-10.3-2021.10/bin/../lib/gcc/arm-none-eabi/10.3.1/../../../../arm-none-eabi/lib/thumb/v7e-m+fp/hard\libc_nano.a(lib_a-memset.o)
                0x08006ae4                memset
 .text.sprintf  0x08006af4       0x40 c:/dev_tools/gcc-arm-none-eabi-10.3-2021.10-win32/gcc-arm-none-eabi-10.3-2021.10/bin/../lib/gcc/arm-none-eabi/10.3.1/../../../../arm-none-eabi/lib/thumb/v7e-m+fp/hard\libc_nano.a(lib_a-sprintf.o)
                0x08006af4                siprintf
                0x08006af4                sprintf
 .text.__ssputs_r
                0x08006b34       0xb6 c:/dev_tools/gcc-arm-none-eabi-10.3-2021.10-win32/gcc-arm-none-eabi-10.3-2021.10/bin/../lib/gcc/arm-none-eabi/10.3.1/../../../../arm-none-eabi/lib/thumb/v7e-m+fp/hard\libc_nano.a(lib_a-nano-svfprintf.o)
                0x08006b34                __ssputs_r
 *fill*         0x08006bea        0x2 
 .text._svfprintf_r
                0x08006bec      0x200 c:/dev_tools/gcc-arm-none-eabi-10.3-2021.10-win32/gcc-arm-none-eabi-10.3-2021.10/bin/../lib/gcc/arm-none-eabi/10.3.1/../../../../arm-none-eabi/lib/thumb/v7e-m+fp/hard\libc_nano.a(lib_a-nano-svfprintf.o)
                0x08006bec                _svfiprintf_r
                0x08006bec                _svfprintf_r
 .text._printf_common
                0x08006dec       0xda c:/dev_tools/gcc-arm-none-eabi-10.3-2021.10-win32/gcc-arm-none-eabi-10.3-2021.10/bin/../lib/gcc/arm-none-eabi/10.3.1/../../../../arm-none-eabi/lib/thumb/v7e-m+fp/hard\libc_nano.a(lib_a-nano-vfprintf_i.o)
                0x08006dec                _printf_common
 *fill*         0x08006ec6        0x2 
 .text._printf_i
                0x08006ec8      0x24c c:/dev_tools/gcc-arm-none-eabi-10.3-2021.10-win32/gcc-arm-none-eabi-10.3-2021.10/bin/../lib/gcc/arm-none-eabi/10.3.1/../../../../arm-none-eabi/lib/thumb/v7e-m+fp/hard\libc_nano.a(lib_a-nano-vfprintf_i.o)
                0x08006ec8                _printf_i
 .text.memcpy   0x08007114       0x1c c:/dev_tools/gcc-arm-none-eabi-10.3-2021.10-win32/gcc-arm-none-eabi-10.3-2021.10/bin/../lib/gcc/arm-none-eabi/10.3.1/../../../../arm-none-eabi/lib/thumb/v7e-m+fp/hard\libc_nano.a(lib_a-memcpy-stub.o)
                0x08007114                memcpy
 .text.memmove  0x08007130       0x34 c:/dev_tools/gcc-arm-none-eabi-10.3-2021.10-win32/gcc-arm-none-eabi-10.3-2021.10/bin/../lib/gcc/arm-none-eabi/10.3.1/../../../../arm-none-eabi/lib/thumb/v7e-m+fp/hard\libc_nano.a(lib_a-memmove.o)
                0x08007130                memmove
 .text._free_r  0x08007164       0x98 c:/dev_tools/gcc-arm-none-eabi-10.3-2021.10-win32/gcc-arm-none-eabi-10.3-2021.10/bin/../lib/gcc/arm-none-eabi/10.3.1/../../../../arm-none-eabi/lib/thumb/v7e-m+fp/hard\libc_nano.a(lib_a-nano-freer.o)
                0x08007164                _free_r
 .text.sbrk_aligned
                0x080071fc       0x40 c:/dev_tools/gcc-arm-none-eabi-10.3-2021.10-win32/gcc-arm-none-eabi-10.3-2021.10/bin/../lib/gcc/arm-none-eabi/10.3.1/../../../../arm-none-eabi/lib/thumb/v7e-m+fp/hard\libc_nano.a(lib_a-nano-mallocr.o)
 .text._malloc_r
                0x0800723c       0xe8 c:/dev_tools/gcc-arm-none-eabi-10.3-2021.10-win32/gcc-arm-none-eabi-10.3-2021.10/bin/../lib/gcc/arm-none-eabi/10.3.1/../../../../arm-none-eabi/lib/thumb/v7e-m+fp/hard\libc_nano.a(lib_a-nano-mallocr.o)
                0x0800723c                _malloc_r
 .text._realloc_r
                0x08007324       0x5e c:/dev_tools/gcc-arm-none-eabi-10.3-2021.10-win32/gcc-arm-none-eabi-10.3-2021.10/bin/../lib/gcc/arm-none-eabi/10.3.1/../../../../arm-none-eabi/lib/thumb/v7e-m+fp/hard\libc_nano.a(lib_a-nano-reallocr.o)
                0x08007324                _realloc_r
 *fill*         0x08007382        0x2 
 .text._sbrk_r  0x08007384       0x20 c:/dev_tools/gcc-arm-none-eabi-10.3-2021.10-win32/gcc-arm-none-eabi-10.3-2021.10/bin/../lib/gcc/arm-none-eabi/10.3.1/../../../../arm-none-eabi/lib/thumb/v7e-m+fp/hard\libc_nano.a(lib_a-sbrkr.o)
                0x08007384                _sbrk_r
 .text.__malloc_lock
                0x080073a4        0xc c:/dev_tools/gcc-arm-none-eabi-10.3-2021.10-win32/gcc-arm-none-eabi-10.3-2021.10/bin/../lib/gcc/arm-none-eabi/10.3.1/../../../../arm-none-eabi/lib/thumb/v7e-m+fp/hard\libc_nano.a(lib_a-mlock.o)
                0x080073a4                __malloc_lock
 .text.__malloc_unlock
                0x080073b0        0xc c:/dev_tools/gcc-arm-none-eabi-10.3-2021.10-win32/gcc-arm-none-eabi-10.3-2021.10/bin/../lib/gcc/arm-none-eabi/10.3.1/../../../../arm-none-eabi/lib/thumb/v7e-m+fp/hard\libc_nano.a(lib_a-mlock.o)
                0x080073b0                __malloc_unlock
 .text._malloc_usable_size_r
                0x080073bc       0x10 c:/dev_tools/gcc-arm-none-eabi-10.3-2021.10-win32/gcc-arm-none-eabi-10.3-2021.10/bin/../lib/gcc/arm-none-eabi/10.3.1/../../../../arm-none-eabi/lib/thumb/v7e-m+fp/hard\libc_nano.a(lib_a-nano-msizer.o)
                0x080073bc                _malloc_usable_size_r
 .text.__retarget_lock_acquire_recursive
                0x080073cc        0x2 c:/dev_tools/gcc-arm-none-eabi-10.3-2021.10-win32/gcc-arm-none-eabi-10.3-2021.10/bin/../lib/gcc/arm-none-eabi/10.3.1/../../../../arm-none-eabi/lib/thumb/v7e-m+fp/hard\libc_nano.a(lib_a-lock.o)
                0x080073cc                __retarget_lock_acquire_recursive
 .text.__retarget_lock_release_recursive
                0x080073ce        0x2 c:/dev_tools/gcc-arm-none-eabi-10.3-2021.10-win32/gcc-arm-none-eabi-10.3-2021.10/bin/../lib/gcc/arm-none-eabi/10.3.1/../../../../arm-none-eabi/lib/thumb/v7e-m+fp/hard\libc_nano.a(lib_a-lock.o)
                0x080073ce                __retarget_lock_release_recursive
 .text._sbrk    0x080073d0       0x1c c:/dev_tools/gcc-arm-none-eabi-10.3-2021.10-win32/gcc-arm-none-eabi-10.3-2021.10/bin/../lib/gcc/arm-none-eabi/10.3.1/../../../../arm-none-eabi/lib/thumb/v7e-m+fp/hard\libnosys.a(sbrk.o)
                0x080073d0                _sbrk
 *(.glue_7)
 .glue_7        0x080073ec        0x0 linker stubs
 *(.glue_7t)
 .glue_7t       0x080073ec        0x0 linker stubs
 *(.eh_frame)
 .eh_frame      0x080073ec        0x0 c:/dev_tools/gcc-arm-none-eabi-10.3-2021.10-win32/gcc-arm-none-eabi-10.3-2021.10/bin/../lib/gcc/arm-none-eabi/10.3.1/thumb/v7e-m+fp/hard/crtbegin.o
 *(.init)
 .init          0x080073ec        0x4 c:/dev_tools/gcc-arm-none-eabi-10.3-2021.10-win32/gcc-arm-none-eabi-10.3-2021.10/bin/../lib/gcc/arm-none-eabi/10.3.1/thumb/v7e-m+fp/hard/crti.o
                0x080073ec                _init
 .init          0x080073f0        0x8 c:/dev_tools/gcc-arm-none-eabi-10.3-2021.10-win32/gcc-arm-none-eabi-10.3-2021.10/bin/../lib/gcc/arm-none-eabi/10.3.1/thumb/v7e-m+fp/hard/crtn.o
 *(.fini)
 .fini          0x080073f8        0x4 c:/dev_tools/gcc-arm-none-eabi-10.3-2021.10-win32/gcc-arm-none-eabi-10.3-2021.10/bin/../lib/gcc/arm-none-eabi/10.3.1/thumb/v7e-m+fp/hard/crti.o
                0x080073f8                _fini
 .fini          0x080073fc        0x8 c:/dev_tools/gcc-arm-none-eabi-10.3-2021.10-win32/gcc-arm-none-eabi-10.3-2021.10/bin/../lib/gcc/arm-none-eabi/10.3.1/thumb/v7e-m+fp/hard/crtn.o
                0x08007404                . = ALIGN (0x4)
                0x08007404                _etext = .

.vfp11_veneer   0x08007404        0x0
 .vfp11_veneer  0x08007404        0x0 linker stubs

.v4_bx          0x08007404        0x0
 .v4_bx         0x08007404        0x0 linker stubs

.iplt           0x08007404        0x0
 .iplt          0x08007404        0x0 c:/dev_tools/gcc-arm-none-eabi-10.3-2021.10-win32/gcc-arm-none-eabi-10.3-2021.10/bin/../lib/gcc/arm-none-eabi/10.3.1/thumb/v7e-m+fp/hard/crtbegin.o

.rodata         0x08007404      0x758
                0x08007404                . = ALIGN (0x4)
 *(.rodata)
 *(.rodata*)
 .rodata.accel_cal_prep.str1.4
                0x08007404       0x36 build/main_functions.o
 *fill*         0x0800743a        0x2 
 .rodata.accel_cal.str1.4
                0x0800743c       0x15 build/main_functions.o
 *fill*         0x08007451        0x3 
 .rodata.main_function.str1.4
                0x08007454      0x1f4 build/main_functions.o
                                0x1f8 (size before relaxing)
 .rodata.print_data.str1.4
                0x08007648       0x11 build/main_functions.o
 *fill*         0x08007659        0x3 
 .rodata.normal.str1.4
                0x0800765c       0x15 build/main_functions.o
 *fill*         0x08007671        0x3 
 .rodata.FSM    0x08007674       0x30 build/main_functions.o
                0x08007674                FSM
 .rodata.MPU6050_Init.str1.4
                0x080076a4       0x10 build/accelerometer_data.o
 .rodata.flagBitshiftOffset.0
                0x080076b4        0x8 build/stm32f4xx_hal_dma.o
 .rodata.AHBPrescTable
                0x080076bc       0x10 build/system_stm32f4xx.o
                0x080076bc                AHBPrescTable
 .rodata.APBPrescTable
                0x080076cc        0x8 build/system_stm32f4xx.o
                0x080076cc                APBPrescTable
 .rodata.create_name.str1.4
                0x080076d4       0x13 build/ff.o
 *fill*         0x080076e7        0x1 
 .rodata.ExCvt  0x080076e8       0x80 build/ff.o
 .rodata.LfnOfs
                0x08007768        0xd build/ff.o
 *fill*         0x08007775        0x3 
 .rodata.Tbl    0x08007778      0x100 build/ccsbcs.o
 .rodata.cvt1.1
                0x08007878      0x1f2 build/ccsbcs.o
 *fill*         0x08007a6a        0x2 
 .rodata.cvt2.0
                0x08007a6c       0xbc build/ccsbcs.o
 .rodata._svfprintf_r.str1.1
                0x08007b28       0x11 c:/dev_tools/gcc-arm-none-eabi-10.3-2021.10-win32/gcc-arm-none-eabi-10.3-2021.10/bin/../lib/gcc/arm-none-eabi/10.3.1/../../../../arm-none-eabi/lib/thumb/v7e-m+fp/hard\libc_nano.a(lib_a-nano-svfprintf.o)
 .rodata._printf_i.str1.1
                0x08007b39       0x22 c:/dev_tools/gcc-arm-none-eabi-10.3-2021.10-win32/gcc-arm-none-eabi-10.3-2021.10/bin/../lib/gcc/arm-none-eabi/10.3.1/../../../../arm-none-eabi/lib/thumb/v7e-m+fp/hard\libc_nano.a(lib_a-nano-vfprintf_i.o)
                0x08007b5c                . = ALIGN (0x4)
 *fill*         0x08007b5b        0x1 

.ARM.extab
 *(.ARM.extab* .gnu.linkonce.armextab.*)

.ARM            0x08007b5c        0x8
                0x08007b5c                __exidx_start = .
 *(.ARM.exidx*)
 .ARM.exidx     0x08007b5c        0x8 c:/dev_tools/gcc-arm-none-eabi-10.3-2021.10-win32/gcc-arm-none-eabi-10.3-2021.10/bin/../lib/gcc/arm-none-eabi/10.3.1/thumb/v7e-m+fp/hard\libgcc.a(_udivmoddi4.o)
                0x08007b64                __exidx_end = .

.rel.dyn        0x08007b64        0x0
 .rel.iplt      0x08007b64        0x0 c:/dev_tools/gcc-arm-none-eabi-10.3-2021.10-win32/gcc-arm-none-eabi-10.3-2021.10/bin/../lib/gcc/arm-none-eabi/10.3.1/thumb/v7e-m+fp/hard/crtbegin.o

.preinit_array  0x08007b64        0x0
                0x08007b64                PROVIDE (__preinit_array_start = .)
 *(.preinit_array*)
                0x08007b64                PROVIDE (__preinit_array_end = .)

.init_array     0x08007b64        0x4
                0x08007b64                PROVIDE (__init_array_start = .)
 *(SORT_BY_NAME(.init_array.*))
 *(.init_array*)
 .init_array    0x08007b64        0x4 c:/dev_tools/gcc-arm-none-eabi-10.3-2021.10-win32/gcc-arm-none-eabi-10.3-2021.10/bin/../lib/gcc/arm-none-eabi/10.3.1/thumb/v7e-m+fp/hard/crtbegin.o
                0x08007b68                PROVIDE (__init_array_end = .)

.fini_array     0x08007b68        0x4
                [!provide]                PROVIDE (__fini_array_start = .)
 *(SORT_BY_NAME(.fini_array.*))
 *(.fini_array*)
 .fini_array    0x08007b68        0x4 c:/dev_tools/gcc-arm-none-eabi-10.3-2021.10-win32/gcc-arm-none-eabi-10.3-2021.10/bin/../lib/gcc/arm-none-eabi/10.3.1/thumb/v7e-m+fp/hard/crtbegin.o
                [!provide]                PROVIDE (__fini_array_end = .)
                0x08007b6c                _sidata = LOADADDR (.data)

.data           0x20000000       0xcc load address 0x08007b6c
                0x20000000                . = ALIGN (0x4)
                0x20000000                _sdata = .
 *(.data)
 *(.data*)
 .data.Ax_string
                0x20000000        0xb build/main_functions.o
                0x20000000                Ax_string
 *fill*         0x2000000b        0x1 
 .data.Ay_string
                0x2000000c        0xb build/main_functions.o
                0x2000000c                Ay_string
 *fill*         0x20000017        0x1 
 .data.Az_string
                0x20000018        0xb build/main_functions.o
                0x20000018                Az_string
 *fill*         0x20000023        0x1 
 .data.Gx_string
                0x20000024        0xb build/main_functions.o
                0x20000024                Gx_string
 *fill*         0x2000002f        0x1 
 .data.Gy_string
                0x20000030        0xb build/main_functions.o
                0x20000030                Gy_string
 *fill*         0x2000003b        0x1 
 .data.Gz_string
                0x2000003c        0xb build/main_functions.o
                0x2000003c                Gz_string
 .data.Stat     0x20000047        0x1 build/fatfs_sd.o
 .data.USER_Driver
                0x20000048       0x14 build/user_diskio.o
                0x20000048                USER_Driver
 .data.uwTickFreq
                0x2000005c        0x1 build/stm32f4xx_hal.o
                0x2000005c                uwTickFreq
 *fill*         0x2000005d        0x3 
 .data.uwTickPrio
                0x20000060        0x4 build/stm32f4xx_hal.o
                0x20000060                uwTickPrio
 .data.SystemCoreClock
                0x20000064        0x4 build/system_stm32f4xx.o
                0x20000064                SystemCoreClock
 .data._impure_ptr
                0x20000068        0x4 c:/dev_tools/gcc-arm-none-eabi-10.3-2021.10-win32/gcc-arm-none-eabi-10.3-2021.10/bin/../lib/gcc/arm-none-eabi/10.3.1/../../../../arm-none-eabi/lib/thumb/v7e-m+fp/hard\libc_nano.a(lib_a-impure.o)
                0x20000068                _impure_ptr
 .data.impure_data
                0x2000006c       0x60 c:/dev_tools/gcc-arm-none-eabi-10.3-2021.10-win32/gcc-arm-none-eabi-10.3-2021.10/bin/../lib/gcc/arm-none-eabi/10.3.1/../../../../arm-none-eabi/lib/thumb/v7e-m+fp/hard\libc_nano.a(lib_a-impure.o)
                0x200000cc                . = ALIGN (0x4)
                0x200000cc                _edata = .

.igot.plt       0x200000cc        0x0 load address 0x08007c38
 .igot.plt      0x200000cc        0x0 c:/dev_tools/gcc-arm-none-eabi-10.3-2021.10-win32/gcc-arm-none-eabi-10.3-2021.10/bin/../lib/gcc/arm-none-eabi/10.3.1/thumb/v7e-m+fp/hard/crtbegin.o
                0x200000cc                . = ALIGN (0x4)

.bss            0x200000cc     0x28ec load address 0x08007c38
                0x200000cc                _sbss = .
                0x200000cc                __bss_start__ = _sbss
 *(.bss)
 .bss           0x200000cc       0x1c c:/dev_tools/gcc-arm-none-eabi-10.3-2021.10-win32/gcc-arm-none-eabi-10.3-2021.10/bin/../lib/gcc/arm-none-eabi/10.3.1/thumb/v7e-m+fp/hard/crtbegin.o
 *(.bss*)
 .bss.hdma_usart2_tx
                0x200000e8       0x60 build/main.o
                0x200000e8                hdma_usart2_tx
 .bss.hi2c1     0x20000148       0x54 build/main.o
                0x20000148                hi2c1
 .bss.hspi2     0x2000019c       0x58 build/main.o
                0x2000019c                hspi2
 .bss.huart2    0x200001f4       0x44 build/main.o
                0x200001f4                huart2
 .bss.accel_corr
                0x20000238        0xc build/main_functions.o
                0x20000238                accel_corr
 .bss.accel_corr_p
                0x20000244        0x4 build/main_functions.o
                0x20000244                accel_corr_p
 .bss.accel_data_p
                0x20000248        0x4 build/main_functions.o
                0x20000248                accel_data_p
 .bss.accel_data_value
                0x2000024c       0x24 build/main_functions.o
                0x2000024c                accel_data_value
 .bss.br        0x20000270        0x4 build/main_functions.o
                0x20000270                br
 .bss.buf       0x20000274        0x6 build/main_functions.o
                0x20000274                buf
 *fill*         0x2000027a        0x2 
 .bss.buffer    0x2000027c      0x400 build/main_functions.o
                0x2000027c                buffer
 .bss.bw        0x2000067c        0x4 build/main_functions.o
                0x2000067c                bw
 .bss.fil       0x20000680     0x1030 build/main_functions.o
                0x20000680                fil
 .bss.flag      0x200016b0        0x1 build/main_functions.o
                0x200016b0                flag
 *fill*         0x200016b1        0x3 
 .bss.fre_clust
                0x200016b4        0x4 build/main_functions.o
                0x200016b4                fre_clust
 .bss.free_space
                0x200016b8        0x4 build/main_functions.o
                0x200016b8                free_space
 .bss.fresult   0x200016bc        0x1 build/main_functions.o
                0x200016bc                fresult
 *fill*         0x200016bd        0x3 
 .bss.fs        0x200016c0     0x1038 build/main_functions.o
                0x200016c0                fs
 .bss.gyro_corr
                0x200026f8        0xc build/main_functions.o
                0x200026f8                gyro_corr
 .bss.gyro_corr_p
                0x20002704        0x4 build/main_functions.o
                0x20002704                gyro_corr_p
 .bss.gyro_data_p
                0x20002708        0x4 build/main_functions.o
                0x20002708                gyro_data_p
 .bss.gyro_data_value
                0x2000270c       0x24 build/main_functions.o
                0x2000270c                gyro_data_value
 .bss.line_pos  0x20002730        0x1 build/main_functions.o
                0x20002730                line_pos
 *fill*         0x20002731        0x3 
 .bss.pfs       0x20002734        0x4 build/main_functions.o
                0x20002734                pfs
 .bss.state     0x20002738        0x4 build/main_functions.o
                0x20002738                state
 .bss.total     0x2000273c        0x4 build/main_functions.o
                0x2000273c                total
 .bss.zero_corr
                0x20002740        0xc build/main_functions.o
                0x20002740                zero_corr
 .bss.accel_data
                0x2000274c        0xc build/accelerometer_data.o
                0x2000274c                accel_data
 .bss.data      0x20002758        0x6 build/accelerometer_data.o
                0x20002758                data
 .bss.CardType  0x2000275e        0x1 build/fatfs_sd.o
 .bss.PowerFlag
                0x2000275f        0x1 build/fatfs_sd.o
 .bss.FatFsCnt  0x20002760        0x1 build/stm32f4xx_it.o
                0x20002760                FatFsCnt
 .bss.Timer1    0x20002761        0x1 build/stm32f4xx_it.o
                0x20002761                Timer1
 .bss.Timer2    0x20002762        0x1 build/stm32f4xx_it.o
                0x20002762                Timer2
 *fill*         0x20002763        0x1 
 .bss.uwTick    0x20002764        0x4 build/stm32f4xx_hal.o
                0x20002764                uwTick
 .bss.USERPath  0x20002768        0x4 build/fatfs.o
                0x20002768                USERPath
 .bss.retUSER   0x2000276c        0x1 build/fatfs.o
                0x2000276c                retUSER
 *fill*         0x2000276d        0x3 
 .bss.FatFs     0x20002770        0x4 build/ff.o
 .bss.Files     0x20002774       0x20 build/ff.o
 .bss.Fsid      0x20002794        0x2 build/ff.o
 *fill*         0x20002796        0x2 
 .bss.LfnBuf    0x20002798      0x200 build/ff.o
 .bss.disk      0x20002998        0xc build/ff_gen_drv.o
                0x20002998                disk
 .bss.__malloc_free_list
                0x200029a4        0x4 c:/dev_tools/gcc-arm-none-eabi-10.3-2021.10-win32/gcc-arm-none-eabi-10.3-2021.10/bin/../lib/gcc/arm-none-eabi/10.3.1/../../../../arm-none-eabi/lib/thumb/v7e-m+fp/hard\libc_nano.a(lib_a-nano-mallocr.o)
                0x200029a4                __malloc_free_list
 .bss.__malloc_sbrk_start
                0x200029a8        0x4 c:/dev_tools/gcc-arm-none-eabi-10.3-2021.10-win32/gcc-arm-none-eabi-10.3-2021.10/bin/../lib/gcc/arm-none-eabi/10.3.1/../../../../arm-none-eabi/lib/thumb/v7e-m+fp/hard\libc_nano.a(lib_a-nano-mallocr.o)
                0x200029a8                __malloc_sbrk_start
 .bss.errno     0x200029ac        0x4 c:/dev_tools/gcc-arm-none-eabi-10.3-2021.10-win32/gcc-arm-none-eabi-10.3-2021.10/bin/../lib/gcc/arm-none-eabi/10.3.1/../../../../arm-none-eabi/lib/thumb/v7e-m+fp/hard\libc_nano.a(lib_a-reent.o)
                0x200029ac                errno
 .bss.__lock___malloc_recursive_mutex
                0x200029b0        0x1 c:/dev_tools/gcc-arm-none-eabi-10.3-2021.10-win32/gcc-arm-none-eabi-10.3-2021.10/bin/../lib/gcc/arm-none-eabi/10.3.1/../../../../arm-none-eabi/lib/thumb/v7e-m+fp/hard\libc_nano.a(lib_a-lock.o)
                0x200029b0                __lock___malloc_recursive_mutex
 *fill*         0x200029b1        0x3 
 .bss.heap_end.0
                0x200029b4        0x4 c:/dev_tools/gcc-arm-none-eabi-10.3-2021.10-win32/gcc-arm-none-eabi-10.3-2021.10/bin/../lib/gcc/arm-none-eabi/10.3.1/../../../../arm-none-eabi/lib/thumb/v7e-m+fp/hard\libnosys.a(sbrk.o)
 *(COMMON)
                0x200029b8                . = ALIGN (0x4)
                0x200029b8                _ebss = .
                0x200029b8                __bss_end__ = _ebss

._user_heap_stack
                0x200029b8      0x600 load address 0x08007c38
                0x200029b8                . = ALIGN (0x8)
                0x200029b8                PROVIDE (end = .)
                [!provide]                PROVIDE (_end = .)
                0x20002bb8                . = (. + _Min_Heap_Size)
 *fill*         0x200029b8      0x200 
                0x20002fb8                . = (. + _Min_Stack_Size)
 *fill*         0x20002bb8      0x400 
                0x20002fb8                . = ALIGN (0x8)

/DISCARD/
 libc.a(*)
 libm.a(*)
 libgcc.a(*)

.ARM.attributes
                0x00000000       0x30
 *(.ARM.attributes)
 .ARM.attributes
                0x00000000       0x1e c:/dev_tools/gcc-arm-none-eabi-10.3-2021.10-win32/gcc-arm-none-eabi-10.3-2021.10/bin/../lib/gcc/arm-none-eabi/10.3.1/thumb/v7e-m+fp/hard/crti.o
 .ARM.attributes
                0x0000001e       0x34 c:/dev_tools/gcc-arm-none-eabi-10.3-2021.10-win32/gcc-arm-none-eabi-10.3-2021.10/bin/../lib/gcc/arm-none-eabi/10.3.1/thumb/v7e-m+fp/hard/crtbegin.o
 .ARM.attributes
                0x00000052       0x34 build/main.o
 .ARM.attributes
                0x00000086       0x34 build/main_functions.o
 .ARM.attributes
                0x000000ba       0x34 build/i2c-lcd.o
 .ARM.attributes
                0x000000ee       0x34 build/accelerometer_data.o
 .ARM.attributes
                0x00000122       0x34 build/fatfs_sd.o
 .ARM.attributes
                0x00000156       0x34 build/user_diskio.o
 .ARM.attributes
                0x0000018a       0x34 build/stm32f4xx_it.o
 .ARM.attributes
                0x000001be       0x34 build/stm32f4xx_hal_msp.o
 .ARM.attributes
                0x000001f2       0x34 build/stm32f4xx_hal_i2c.o
 .ARM.attributes
                0x00000226       0x34 build/stm32f4xx_hal_rcc.o
 .ARM.attributes
                0x0000025a       0x34 build/stm32f4xx_hal_gpio.o
 .ARM.attributes
                0x0000028e       0x34 build/stm32f4xx_hal_dma.o
 .ARM.attributes
                0x000002c2       0x34 build/stm32f4xx_hal_cortex.o
 .ARM.attributes
                0x000002f6       0x34 build/stm32f4xx_hal.o
 .ARM.attributes
                0x0000032a       0x34 build/stm32f4xx_hal_uart.o
 .ARM.attributes
                0x0000035e       0x34 build/system_stm32f4xx.o
 .ARM.attributes
                0x00000392       0x34 build/fatfs.o
 .ARM.attributes
                0x000003c6       0x34 build/stm32f4xx_hal_spi.o
 .ARM.attributes
                0x000003fa       0x34 build/diskio.o
 .ARM.attributes
                0x0000042e       0x34 build/ff.o
 .ARM.attributes
                0x00000462       0x34 build/ff_gen_drv.o
 .ARM.attributes
                0x00000496       0x34 build/ccsbcs.o
 .ARM.attributes
                0x000004ca       0x21 build/startup_stm32f411xe.o
 .ARM.attributes
                0x000004eb       0x34 c:/dev_tools/gcc-arm-none-eabi-10.3-2021.10-win32/gcc-arm-none-eabi-10.3-2021.10/bin/../lib/gcc/arm-none-eabi/10.3.1/../../../../arm-none-eabi/lib/thumb/v7e-m+fp/hard\libc_nano.a(lib_a-impure.o)
 .ARM.attributes
                0x0000051f       0x34 c:/dev_tools/gcc-arm-none-eabi-10.3-2021.10-win32/gcc-arm-none-eabi-10.3-2021.10/bin/../lib/gcc/arm-none-eabi/10.3.1/../../../../arm-none-eabi/lib/thumb/v7e-m+fp/hard\libc_nano.a(lib_a-init.o)
 .ARM.attributes
                0x00000553       0x34 c:/dev_tools/gcc-arm-none-eabi-10.3-2021.10-win32/gcc-arm-none-eabi-10.3-2021.10/bin/../lib/gcc/arm-none-eabi/10.3.1/../../../../arm-none-eabi/lib/thumb/v7e-m+fp/hard\libc_nano.a(lib_a-memset.o)
 .ARM.attributes
                0x00000587       0x34 c:/dev_tools/gcc-arm-none-eabi-10.3-2021.10-win32/gcc-arm-none-eabi-10.3-2021.10/bin/../lib/gcc/arm-none-eabi/10.3.1/../../../../arm-none-eabi/lib/thumb/v7e-m+fp/hard\libc_nano.a(lib_a-sprintf.o)
 .ARM.attributes
                0x000005bb       0x17 c:/dev_tools/gcc-arm-none-eabi-10.3-2021.10-win32/gcc-arm-none-eabi-10.3-2021.10/bin/../lib/gcc/arm-none-eabi/10.3.1/../../../../arm-none-eabi/lib/thumb/v7e-m+fp/hard\libc_nano.a(lib_a-strlen.o)
 .ARM.attributes
                0x000005d2       0x34 c:/dev_tools/gcc-arm-none-eabi-10.3-2021.10-win32/gcc-arm-none-eabi-10.3-2021.10/bin/../lib/gcc/arm-none-eabi/10.3.1/../../../../arm-none-eabi/lib/thumb/v7e-m+fp/hard\libc_nano.a(lib_a-nano-svfprintf.o)
 .ARM.attributes
                0x00000606       0x34 c:/dev_tools/gcc-arm-none-eabi-10.3-2021.10-win32/gcc-arm-none-eabi-10.3-2021.10/bin/../lib/gcc/arm-none-eabi/10.3.1/../../../../arm-none-eabi/lib/thumb/v7e-m+fp/hard\libc_nano.a(lib_a-nano-vfprintf_i.o)
 .ARM.attributes
                0x0000063a       0x1c c:/dev_tools/gcc-arm-none-eabi-10.3-2021.10-win32/gcc-arm-none-eabi-10.3-2021.10/bin/../lib/gcc/arm-none-eabi/10.3.1/../../../../arm-none-eabi/lib/thumb/v7e-m+fp/hard\libc_nano.a(lib_a-memchr.o)
 .ARM.attributes
                0x00000656       0x34 c:/dev_tools/gcc-arm-none-eabi-10.3-2021.10-win32/gcc-arm-none-eabi-10.3-2021.10/bin/../lib/gcc/arm-none-eabi/10.3.1/../../../../arm-none-eabi/lib/thumb/v7e-m+fp/hard\libc_nano.a(lib_a-memcpy-stub.o)
 .ARM.attributes
                0x0000068a       0x34 c:/dev_tools/gcc-arm-none-eabi-10.3-2021.10-win32/gcc-arm-none-eabi-10.3-2021.10/bin/../lib/gcc/arm-none-eabi/10.3.1/../../../../arm-none-eabi/lib/thumb/v7e-m+fp/hard\libc_nano.a(lib_a-memmove.o)
 .ARM.attributes
                0x000006be       0x34 c:/dev_tools/gcc-arm-none-eabi-10.3-2021.10-win32/gcc-arm-none-eabi-10.3-2021.10/bin/../lib/gcc/arm-none-eabi/10.3.1/../../../../arm-none-eabi/lib/thumb/v7e-m+fp/hard\libc_nano.a(lib_a-nano-freer.o)
 .ARM.attributes
                0x000006f2       0x34 c:/dev_tools/gcc-arm-none-eabi-10.3-2021.10-win32/gcc-arm-none-eabi-10.3-2021.10/bin/../lib/gcc/arm-none-eabi/10.3.1/../../../../arm-none-eabi/lib/thumb/v7e-m+fp/hard\libc_nano.a(lib_a-nano-mallocr.o)
 .ARM.attributes
                0x00000726       0x34 c:/dev_tools/gcc-arm-none-eabi-10.3-2021.10-win32/gcc-arm-none-eabi-10.3-2021.10/bin/../lib/gcc/arm-none-eabi/10.3.1/../../../../arm-none-eabi/lib/thumb/v7e-m+fp/hard\libc_nano.a(lib_a-nano-reallocr.o)
 .ARM.attributes
                0x0000075a       0x34 c:/dev_tools/gcc-arm-none-eabi-10.3-2021.10-win32/gcc-arm-none-eabi-10.3-2021.10/bin/../lib/gcc/arm-none-eabi/10.3.1/../../../../arm-none-eabi/lib/thumb/v7e-m+fp/hard\libc_nano.a(lib_a-sbrkr.o)
 .ARM.attributes
                0x0000078e       0x34 c:/dev_tools/gcc-arm-none-eabi-10.3-2021.10-win32/gcc-arm-none-eabi-10.3-2021.10/bin/../lib/gcc/arm-none-eabi/10.3.1/../../../../arm-none-eabi/lib/thumb/v7e-m+fp/hard\libc_nano.a(lib_a-mlock.o)
 .ARM.attributes
                0x000007c2       0x34 c:/dev_tools/gcc-arm-none-eabi-10.3-2021.10-win32/gcc-arm-none-eabi-10.3-2021.10/bin/../lib/gcc/arm-none-eabi/10.3.1/../../../../arm-none-eabi/lib/thumb/v7e-m+fp/hard\libc_nano.a(lib_a-nano-msizer.o)
 .ARM.attributes
                0x000007f6       0x34 c:/dev_tools/gcc-arm-none-eabi-10.3-2021.10-win32/gcc-arm-none-eabi-10.3-2021.10/bin/../lib/gcc/arm-none-eabi/10.3.1/../../../../arm-none-eabi/lib/thumb/v7e-m+fp/hard\libc_nano.a(lib_a-reent.o)
 .ARM.attributes
                0x0000082a       0x34 c:/dev_tools/gcc-arm-none-eabi-10.3-2021.10-win32/gcc-arm-none-eabi-10.3-2021.10/bin/../lib/gcc/arm-none-eabi/10.3.1/../../../../arm-none-eabi/lib/thumb/v7e-m+fp/hard\libc_nano.a(lib_a-lock.o)
 .ARM.attributes
                0x0000085e       0x34 c:/dev_tools/gcc-arm-none-eabi-10.3-2021.10-win32/gcc-arm-none-eabi-10.3-2021.10/bin/../lib/gcc/arm-none-eabi/10.3.1/../../../../arm-none-eabi/lib/thumb/v7e-m+fp/hard\libnosys.a(sbrk.o)
 .ARM.attributes
                0x00000892       0x1e c:/dev_tools/gcc-arm-none-eabi-10.3-2021.10-win32/gcc-arm-none-eabi-10.3-2021.10/bin/../lib/gcc/arm-none-eabi/10.3.1/thumb/v7e-m+fp/hard\libgcc.a(_arm_muldf3.o)
 .ARM.attributes
                0x000008b0       0x1e c:/dev_tools/gcc-arm-none-eabi-10.3-2021.10-win32/gcc-arm-none-eabi-10.3-2021.10/bin/../lib/gcc/arm-none-eabi/10.3.1/thumb/v7e-m+fp/hard\libgcc.a(_arm_addsubdf3.o)
 .ARM.attributes
                0x000008ce       0x1e c:/dev_tools/gcc-arm-none-eabi-10.3-2021.10-win32/gcc-arm-none-eabi-10.3-2021.10/bin/../lib/gcc/arm-none-eabi/10.3.1/thumb/v7e-m+fp/hard\libgcc.a(_arm_fixunsdfsi.o)
 .ARM.attributes
                0x000008ec       0x1e c:/dev_tools/gcc-arm-none-eabi-10.3-2021.10-win32/gcc-arm-none-eabi-10.3-2021.10/bin/../lib/gcc/arm-none-eabi/10.3.1/thumb/v7e-m+fp/hard\libgcc.a(_aeabi_uldivmod.o)
 .ARM.attributes
                0x0000090a       0x34 c:/dev_tools/gcc-arm-none-eabi-10.3-2021.10-win32/gcc-arm-none-eabi-10.3-2021.10/bin/../lib/gcc/arm-none-eabi/10.3.1/thumb/v7e-m+fp/hard\libgcc.a(_udivmoddi4.o)
 .ARM.attributes
                0x0000093e       0x1e c:/dev_tools/gcc-arm-none-eabi-10.3-2021.10-win32/gcc-arm-none-eabi-10.3-2021.10/bin/../lib/gcc/arm-none-eabi/10.3.1/thumb/v7e-m+fp/hard\libgcc.a(_dvmd_tls.o)
 .ARM.attributes
                0x0000095c       0x1e c:/dev_tools/gcc-arm-none-eabi-10.3-2021.10-win32/gcc-arm-none-eabi-10.3-2021.10/bin/../lib/gcc/arm-none-eabi/10.3.1/thumb/v7e-m+fp/hard/crtn.o
OUTPUT(build/bike-data-aquisition-stm32f4.elf elf32-littlearm)
LOAD linker stubs
LOAD c:/dev_tools/gcc-arm-none-eabi-10.3-2021.10-win32/gcc-arm-none-eabi-10.3-2021.10/bin/../lib/gcc/arm-none-eabi/10.3.1/../../../../arm-none-eabi/lib/thumb/v7e-m+fp/hard\libc.a
LOAD c:/dev_tools/gcc-arm-none-eabi-10.3-2021.10-win32/gcc-arm-none-eabi-10.3-2021.10/bin/../lib/gcc/arm-none-eabi/10.3.1/../../../../arm-none-eabi/lib/thumb/v7e-m+fp/hard\libm.a
LOAD c:/dev_tools/gcc-arm-none-eabi-10.3-2021.10-win32/gcc-arm-none-eabi-10.3-2021.10/bin/../lib/gcc/arm-none-eabi/10.3.1/thumb/v7e-m+fp/hard\libgcc.a

.debug_info     0x00000000    0x1b2cc
 .debug_info    0x00000000     0x178b build/main.o
 .debug_info    0x0000178b     0x17f5 build/main_functions.o
 .debug_info    0x00002f80      0x9e1 build/i2c-lcd.o
 .debug_info    0x00003961      0x945 build/accelerometer_data.o
 .debug_info    0x000042a6     0x13e9 build/fatfs_sd.o
 .debug_info    0x0000568f      0x450 build/user_diskio.o
 .debug_info    0x00005adf      0x52f build/stm32f4xx_it.o
 .debug_info    0x0000600e     0x132f build/stm32f4xx_hal_msp.o
 .debug_info    0x0000733d     0x3b41 build/stm32f4xx_hal_i2c.o
 .debug_info    0x0000ae7e      0xc14 build/stm32f4xx_hal_rcc.o
 .debug_info    0x0000ba92      0x872 build/stm32f4xx_hal_gpio.o
 .debug_info    0x0000c304      0xbc9 build/stm32f4xx_hal_dma.o
 .debug_info    0x0000cecd     0x10e4 build/stm32f4xx_hal_cortex.o
 .debug_info    0x0000dfb1      0xa67 build/stm32f4xx_hal.o
 .debug_info    0x0000ea18     0x43c4 build/stm32f4xx_hal_uart.o
 .debug_info    0x00012ddc      0x5e5 build/system_stm32f4xx.o
 .debug_info    0x000133c1      0x58b build/fatfs.o
 .debug_info    0x0001394c     0x200d build/stm32f4xx_hal_spi.o
 .debug_info    0x00015959      0x4ed build/diskio.o
 .debug_info    0x00015e46     0x4e33 build/ff.o
 .debug_info    0x0001ac79      0x440 build/ff_gen_drv.o
 .debug_info    0x0001b0b9      0x1f1 build/ccsbcs.o
 .debug_info    0x0001b2aa       0x22 build/startup_stm32f411xe.o

.debug_abbrev   0x00000000     0x3113
 .debug_abbrev  0x00000000      0x275 build/main.o
 .debug_abbrev  0x00000275      0x2ad build/main_functions.o
 .debug_abbrev  0x00000522      0x204 build/i2c-lcd.o
 .debug_abbrev  0x00000726      0x1f7 build/accelerometer_data.o
 .debug_abbrev  0x0000091d      0x323 build/fatfs_sd.o
 .debug_abbrev  0x00000c40      0x147 build/user_diskio.o
 .debug_abbrev  0x00000d87      0x166 build/stm32f4xx_it.o
 .debug_abbrev  0x00000eed      0x1f8 build/stm32f4xx_hal_msp.o
 .debug_abbrev  0x000010e5      0x304 build/stm32f4xx_hal_i2c.o
 .debug_abbrev  0x000013e9      0x2aa build/stm32f4xx_hal_rcc.o
 .debug_abbrev  0x00001693      0x22b build/stm32f4xx_hal_gpio.o
 .debug_abbrev  0x000018be      0x2bf build/stm32f4xx_hal_dma.o
 .debug_abbrev  0x00001b7d      0x382 build/stm32f4xx_hal_cortex.o
 .debug_abbrev  0x00001eff      0x23a build/stm32f4xx_hal.o
 .debug_abbrev  0x00002139      0x360 build/stm32f4xx_hal_uart.o
 .debug_abbrev  0x00002499      0x11b build/system_stm32f4xx.o
 .debug_abbrev  0x000025b4      0x16f build/fatfs.o
 .debug_abbrev  0x00002723      0x2a6 build/stm32f4xx_hal_spi.o
 .debug_abbrev  0x000029c9      0x1b9 build/diskio.o
 .debug_abbrev  0x00002b82      0x2c4 build/ff.o
 .debug_abbrev  0x00002e46      0x1c9 build/ff_gen_drv.o
 .debug_abbrev  0x0000300f       0xf2 build/ccsbcs.o
 .debug_abbrev  0x00003101       0x12 build/startup_stm32f411xe.o

.debug_loc      0x00000000    0x177a5
 .debug_loc     0x00000000      0x137 build/main.o
 .debug_loc     0x00000137      0x321 build/main_functions.o
 .debug_loc     0x00000458      0x1b3 build/i2c-lcd.o
 .debug_loc     0x0000060b      0x146 build/accelerometer_data.o
 .debug_loc     0x00000751      0xd92 build/fatfs_sd.o
 .debug_loc     0x000014e3      0x281 build/user_diskio.o
 .debug_loc     0x00001764       0x60 build/stm32f4xx_it.o
 .debug_loc     0x000017c4      0x2c0 build/stm32f4xx_hal_msp.o
 .debug_loc     0x00001a84     0x4e35 build/stm32f4xx_hal_i2c.o
 .debug_loc     0x000068b9      0x6e4 build/stm32f4xx_hal_rcc.o
 .debug_loc     0x00006f9d      0x5e8 build/stm32f4xx_hal_gpio.o
 .debug_loc     0x00007585      0xd6d build/stm32f4xx_hal_dma.o
 .debug_loc     0x000082f2      0x7a4 build/stm32f4xx_hal_cortex.o
 .debug_loc     0x00008a96      0x1e1 build/stm32f4xx_hal.o
 .debug_loc     0x00008c77     0x502f build/stm32f4xx_hal_uart.o
 .debug_loc     0x0000dca6      0x158 build/system_stm32f4xx.o
 .debug_loc     0x0000ddfe       0x20 build/fatfs.o
 .debug_loc     0x0000de1e     0x2501 build/stm32f4xx_hal_spi.o
 .debug_loc     0x0001031f      0x323 build/diskio.o
 .debug_loc     0x00010642     0x6b1d build/ff.o
 .debug_loc     0x0001715f      0x311 build/ff_gen_drv.o
 .debug_loc     0x00017470      0x335 build/ccsbcs.o

.debug_aranges  0x00000000      0xfa0
 .debug_aranges
                0x00000000       0x58 build/main.o
 .debug_aranges
                0x00000058       0x60 build/main_functions.o
 .debug_aranges
                0x000000b8       0x40 build/i2c-lcd.o
 .debug_aranges
                0x000000f8       0x28 build/accelerometer_data.o
 .debug_aranges
                0x00000120       0xa8 build/fatfs_sd.o
 .debug_aranges
                0x000001c8       0x40 build/user_diskio.o
 .debug_aranges
                0x00000208       0x78 build/stm32f4xx_it.o
 .debug_aranges
                0x00000280       0x50 build/stm32f4xx_hal_msp.o
 .debug_aranges
                0x000002d0      0x2a0 build/stm32f4xx_hal_i2c.o
 .debug_aranges
                0x00000570       0x88 build/stm32f4xx_hal_rcc.o
 .debug_aranges
                0x000005f8       0x58 build/stm32f4xx_hal_gpio.o
 .debug_aranges
                0x00000650       0x90 build/stm32f4xx_hal_dma.o
 .debug_aranges
                0x000006e0       0xa8 build/stm32f4xx_hal_cortex.o
 .debug_aranges
                0x00000788       0xf0 build/stm32f4xx_hal.o
 .debug_aranges
                0x00000878      0x200 build/stm32f4xx_hal_uart.o
 .debug_aranges
                0x00000a78       0x28 build/system_stm32f4xx.o
 .debug_aranges
                0x00000aa0       0x28 build/fatfs.o
 .debug_aranges
                0x00000ac8      0x1d0 build/stm32f4xx_hal_spi.o
 .debug_aranges
                0x00000c98       0x48 build/diskio.o
 .debug_aranges
                0x00000ce0      0x230 build/ff.o
 .debug_aranges
                0x00000f10       0x40 build/ff_gen_drv.o
 .debug_aranges
                0x00000f50       0x28 build/ccsbcs.o
 .debug_aranges
                0x00000f78       0x28 build/startup_stm32f411xe.o

.debug_ranges   0x00000000      0xee0
 .debug_ranges  0x00000000       0x48 build/main.o
 .debug_ranges  0x00000048       0x50 build/main_functions.o
 .debug_ranges  0x00000098       0x30 build/i2c-lcd.o
 .debug_ranges  0x000000c8       0x18 build/accelerometer_data.o
 .debug_ranges  0x000000e0       0x98 build/fatfs_sd.o
 .debug_ranges  0x00000178       0x30 build/user_diskio.o
 .debug_ranges  0x000001a8       0x68 build/stm32f4xx_it.o
 .debug_ranges  0x00000210       0x40 build/stm32f4xx_hal_msp.o
 .debug_ranges  0x00000250      0x2a8 build/stm32f4xx_hal_i2c.o
 .debug_ranges  0x000004f8       0x90 build/stm32f4xx_hal_rcc.o
 .debug_ranges  0x00000588       0x48 build/stm32f4xx_hal_gpio.o
 .debug_ranges  0x000005d0       0x80 build/stm32f4xx_hal_dma.o
 .debug_ranges  0x00000650       0xf8 build/stm32f4xx_hal_cortex.o
 .debug_ranges  0x00000748       0xe0 build/stm32f4xx_hal.o
 .debug_ranges  0x00000828      0x208 build/stm32f4xx_hal_uart.o
 .debug_ranges  0x00000a30       0x18 build/system_stm32f4xx.o
 .debug_ranges  0x00000a48       0x18 build/fatfs.o
 .debug_ranges  0x00000a60      0x1c0 build/stm32f4xx_hal_spi.o
 .debug_ranges  0x00000c20       0x38 build/diskio.o
 .debug_ranges  0x00000c58      0x220 build/ff.o
 .debug_ranges  0x00000e78       0x30 build/ff_gen_drv.o
 .debug_ranges  0x00000ea8       0x18 build/ccsbcs.o
 .debug_ranges  0x00000ec0       0x20 build/startup_stm32f411xe.o

.debug_line     0x00000000    0x1702a
 .debug_line    0x00000000      0x62b build/main.o
 .debug_line    0x0000062b      0x7ff build/main_functions.o
 .debug_line    0x00000e2a      0x347 build/i2c-lcd.o
 .debug_line    0x00001171      0x2c6 build/accelerometer_data.o
 .debug_line    0x00001437      0xbf7 build/fatfs_sd.o
 .debug_line    0x0000202e      0x134 build/user_diskio.o
 .debug_line    0x00002162      0x37f build/stm32f4xx_it.o
 .debug_line    0x000024e1      0x4c5 build/stm32f4xx_hal_msp.o
 .debug_line    0x000029a6     0x53a5 build/stm32f4xx_hal_i2c.o
 .debug_line    0x00007d4b      0xb4c build/stm32f4xx_hal_rcc.o
 .debug_line    0x00008897      0x6ff build/stm32f4xx_hal_gpio.o
 .debug_line    0x00008f96      0xe64 build/stm32f4xx_hal_dma.o
 .debug_line    0x00009dfa      0x7b4 build/stm32f4xx_hal_cortex.o
 .debug_line    0x0000a5ae      0x5a1 build/stm32f4xx_hal.o
 .debug_line    0x0000ab4f     0x4614 build/stm32f4xx_hal_uart.o
 .debug_line    0x0000f163      0x28c build/system_stm32f4xx.o
 .debug_line    0x0000f3ef      0x1db build/fatfs.o
 .debug_line    0x0000f5ca     0x2525 build/stm32f4xx_hal_spi.o
 .debug_line    0x00011aef      0x279 build/diskio.o
 .debug_line    0x00011d68     0x4d28 build/ff.o
 .debug_line    0x00016a90      0x2bb build/ff_gen_drv.o
 .debug_line    0x00016d4b      0x269 build/ccsbcs.o
 .debug_line    0x00016fb4       0x76 build/startup_stm32f411xe.o

.debug_str      0x00000000     0x409e
 .debug_str     0x00000000     0x10ea build/main.o
                               0x11e1 (size before relaxing)
 .debug_str     0x000010ea      0x491 build/main_functions.o
                                0xacf (size before relaxing)
 .debug_str     0x0000157b       0x4e build/i2c-lcd.o
                                0x734 (size before relaxing)
 .debug_str     0x000015c9       0x6c build/accelerometer_data.o
                                0x75f (size before relaxing)
 .debug_str     0x00001635      0x1ab build/fatfs_sd.o
                                0x84d (size before relaxing)
 .debug_str     0x000017e0       0x71 build/user_diskio.o
                                0x2fc (size before relaxing)
 .debug_str     0x00001851      0x122 build/stm32f4xx_it.o
                                0x557 (size before relaxing)
 .debug_str     0x00001973       0xea build/stm32f4xx_hal_msp.o
                                0xca5 (size before relaxing)
 .debug_str     0x00001a5d      0x8de build/stm32f4xx_hal_i2c.o
                               0x104c (size before relaxing)
 .debug_str     0x0000233b      0x1f8 build/stm32f4xx_hal_rcc.o
                                0x72f (size before relaxing)
 .debug_str     0x00002533       0xec build/stm32f4xx_hal_gpio.o
                                0x509 (size before relaxing)
 .debug_str     0x0000261f      0x290 build/stm32f4xx_hal_dma.o
                                0x78d (size before relaxing)
 .debug_str     0x000028af      0x4cc build/stm32f4xx_hal_cortex.o
                                0xaeb (size before relaxing)
 .debug_str     0x00002d7b      0x295 build/stm32f4xx_hal.o
                                0xa2b (size before relaxing)
 .debug_str     0x00003010      0x5d8 build/stm32f4xx_hal_uart.o
                                0xd70 (size before relaxing)
 .debug_str     0x000035e8       0x47 build/system_stm32f4xx.o
                                0x39e (size before relaxing)
 .debug_str     0x0000362f       0x53 build/fatfs.o
                                0x3a7 (size before relaxing)
 .debug_str     0x00003682      0x4e7 build/stm32f4xx_hal_spi.o
                                0xc11 (size before relaxing)
 .debug_str     0x00003b69       0x4f build/diskio.o
                                0x2bf (size before relaxing)
 .debug_str     0x00003bb8      0x3f8 build/ff.o
                                0x8b4 (size before relaxing)
 .debug_str     0x00003fb0       0x8e build/ff_gen_drv.o
                                0x310 (size before relaxing)
 .debug_str     0x0000403e       0x3c build/ccsbcs.o
                                0x1f5 (size before relaxing)
 .debug_str     0x0000407a       0x24 build/startup_stm32f411xe.o
                                 0x81 (size before relaxing)

.comment        0x00000000       0x49
 .comment       0x00000000       0x49 build/main.o
                                 0x4a (size before relaxing)
 .comment       0x00000049       0x4a build/main_functions.o
 .comment       0x00000049       0x4a build/i2c-lcd.o
 .comment       0x00000049       0x4a build/accelerometer_data.o
 .comment       0x00000049       0x4a build/fatfs_sd.o
 .comment       0x00000049       0x4a build/user_diskio.o
 .comment       0x00000049       0x4a build/stm32f4xx_it.o
 .comment       0x00000049       0x4a build/stm32f4xx_hal_msp.o
 .comment       0x00000049       0x4a build/stm32f4xx_hal_i2c.o
 .comment       0x00000049       0x4a build/stm32f4xx_hal_rcc.o
 .comment       0x00000049       0x4a build/stm32f4xx_hal_gpio.o
 .comment       0x00000049       0x4a build/stm32f4xx_hal_dma.o
 .comment       0x00000049       0x4a build/stm32f4xx_hal_cortex.o
 .comment       0x00000049       0x4a build/stm32f4xx_hal.o
 .comment       0x00000049       0x4a build/stm32f4xx_hal_uart.o
 .comment       0x00000049       0x4a build/system_stm32f4xx.o
 .comment       0x00000049       0x4a build/fatfs.o
 .comment       0x00000049       0x4a build/stm32f4xx_hal_spi.o
 .comment       0x00000049       0x4a build/diskio.o
 .comment       0x00000049       0x4a build/ff.o
 .comment       0x00000049       0x4a build/ff_gen_drv.o
 .comment       0x00000049       0x4a build/ccsbcs.o

.debug_frame    0x00000000     0x335c
 .debug_frame   0x00000000       0xe4 build/main.o
 .debug_frame   0x000000e4      0x114 build/main_functions.o
 .debug_frame   0x000001f8       0x90 build/i2c-lcd.o
 .debug_frame   0x00000288       0x68 build/accelerometer_data.o
 .debug_frame   0x000002f0      0x218 build/fatfs_sd.o
 .debug_frame   0x00000508       0x88 build/user_diskio.o
 .debug_frame   0x00000590       0xe8 build/stm32f4xx_it.o
 .debug_frame   0x00000678       0xe4 build/stm32f4xx_hal_msp.o
 .debug_frame   0x0000075c      0x970 build/stm32f4xx_hal_i2c.o
 .debug_frame   0x000010cc      0x16c build/stm32f4xx_hal_rcc.o
 .debug_frame   0x00001238       0xd8 build/stm32f4xx_hal_gpio.o
 .debug_frame   0x00001310      0x188 build/stm32f4xx_hal_dma.o
 .debug_frame   0x00001498      0x148 build/stm32f4xx_hal_cortex.o
 .debug_frame   0x000015e0      0x1ec build/stm32f4xx_hal.o
 .debug_frame   0x000017cc      0x5cc build/stm32f4xx_hal_uart.o
 .debug_frame   0x00001d98       0x30 build/system_stm32f4xx.o
 .debug_frame   0x00001dc8       0x38 build/fatfs.o
 .debug_frame   0x00001e00      0x5a4 build/stm32f4xx_hal_spi.o
 .debug_frame   0x000023a4       0xa0 build/diskio.o
 .debug_frame   0x00002444      0x894 build/ff.o
 .debug_frame   0x00002cd8       0x7c build/ff_gen_drv.o
 .debug_frame   0x00002d54       0x48 build/ccsbcs.o
 .debug_frame   0x00002d9c       0x2c c:/dev_tools/gcc-arm-none-eabi-10.3-2021.10-win32/gcc-arm-none-eabi-10.3-2021.10/bin/../lib/gcc/arm-none-eabi/10.3.1/../../../../arm-none-eabi/lib/thumb/v7e-m+fp/hard\libc_nano.a(lib_a-init.o)
 .debug_frame   0x00002dc8       0x20 c:/dev_tools/gcc-arm-none-eabi-10.3-2021.10-win32/gcc-arm-none-eabi-10.3-2021.10/bin/../lib/gcc/arm-none-eabi/10.3.1/../../../../arm-none-eabi/lib/thumb/v7e-m+fp/hard\libc_nano.a(lib_a-memset.o)
 .debug_frame   0x00002de8       0x6c c:/dev_tools/gcc-arm-none-eabi-10.3-2021.10-win32/gcc-arm-none-eabi-10.3-2021.10/bin/../lib/gcc/arm-none-eabi/10.3.1/../../../../arm-none-eabi/lib/thumb/v7e-m+fp/hard\libc_nano.a(lib_a-sprintf.o)
 .debug_frame   0x00002e54       0x90 c:/dev_tools/gcc-arm-none-eabi-10.3-2021.10-win32/gcc-arm-none-eabi-10.3-2021.10/bin/../lib/gcc/arm-none-eabi/10.3.1/../../../../arm-none-eabi/lib/thumb/v7e-m+fp/hard\libc_nano.a(lib_a-nano-svfprintf.o)
 .debug_frame   0x00002ee4       0x60 c:/dev_tools/gcc-arm-none-eabi-10.3-2021.10-win32/gcc-arm-none-eabi-10.3-2021.10/bin/../lib/gcc/arm-none-eabi/10.3.1/../../../../arm-none-eabi/lib/thumb/v7e-m+fp/hard\libc_nano.a(lib_a-nano-vfprintf_i.o)
 .debug_frame   0x00002f44       0x28 c:/dev_tools/gcc-arm-none-eabi-10.3-2021.10-win32/gcc-arm-none-eabi-10.3-2021.10/bin/../lib/gcc/arm-none-eabi/10.3.1/../../../../arm-none-eabi/lib/thumb/v7e-m+fp/hard\libc_nano.a(lib_a-memcpy-stub.o)
 .debug_frame   0x00002f6c       0x28 c:/dev_tools/gcc-arm-none-eabi-10.3-2021.10-win32/gcc-arm-none-eabi-10.3-2021.10/bin/../lib/gcc/arm-none-eabi/10.3.1/../../../../arm-none-eabi/lib/thumb/v7e-m+fp/hard\libc_nano.a(lib_a-memmove.o)
 .debug_frame   0x00002f94       0x38 c:/dev_tools/gcc-arm-none-eabi-10.3-2021.10-win32/gcc-arm-none-eabi-10.3-2021.10/bin/../lib/gcc/arm-none-eabi/10.3.1/../../../../arm-none-eabi/lib/thumb/v7e-m+fp/hard\libc_nano.a(lib_a-nano-freer.o)
 .debug_frame   0x00002fcc       0x4c c:/dev_tools/gcc-arm-none-eabi-10.3-2021.10-win32/gcc-arm-none-eabi-10.3-2021.10/bin/../lib/gcc/arm-none-eabi/10.3.1/../../../../arm-none-eabi/lib/thumb/v7e-m+fp/hard\libc_nano.a(lib_a-nano-mallocr.o)
 .debug_frame   0x00003018       0x3c c:/dev_tools/gcc-arm-none-eabi-10.3-2021.10-win32/gcc-arm-none-eabi-10.3-2021.10/bin/../lib/gcc/arm-none-eabi/10.3.1/../../../../arm-none-eabi/lib/thumb/v7e-m+fp/hard\libc_nano.a(lib_a-nano-reallocr.o)
 .debug_frame   0x00003054       0x2c c:/dev_tools/gcc-arm-none-eabi-10.3-2021.10-win32/gcc-arm-none-eabi-10.3-2021.10/bin/../lib/gcc/arm-none-eabi/10.3.1/../../../../arm-none-eabi/lib/thumb/v7e-m+fp/hard\libc_nano.a(lib_a-sbrkr.o)
 .debug_frame   0x00003080       0x30 c:/dev_tools/gcc-arm-none-eabi-10.3-2021.10-win32/gcc-arm-none-eabi-10.3-2021.10/bin/../lib/gcc/arm-none-eabi/10.3.1/../../../../arm-none-eabi/lib/thumb/v7e-m+fp/hard\libc_nano.a(lib_a-mlock.o)
 .debug_frame   0x000030b0       0x20 c:/dev_tools/gcc-arm-none-eabi-10.3-2021.10-win32/gcc-arm-none-eabi-10.3-2021.10/bin/../lib/gcc/arm-none-eabi/10.3.1/../../../../arm-none-eabi/lib/thumb/v7e-m+fp/hard\libc_nano.a(lib_a-nano-msizer.o)
 .debug_frame   0x000030d0       0x5c c:/dev_tools/gcc-arm-none-eabi-10.3-2021.10-win32/gcc-arm-none-eabi-10.3-2021.10/bin/../lib/gcc/arm-none-eabi/10.3.1/../../../../arm-none-eabi/lib/thumb/v7e-m+fp/hard\libc_nano.a(lib_a-reent.o)
 .debug_frame   0x0000312c       0xb0 c:/dev_tools/gcc-arm-none-eabi-10.3-2021.10-win32/gcc-arm-none-eabi-10.3-2021.10/bin/../lib/gcc/arm-none-eabi/10.3.1/../../../../arm-none-eabi/lib/thumb/v7e-m+fp/hard\libc_nano.a(lib_a-lock.o)
 .debug_frame   0x000031dc       0x20 c:/dev_tools/gcc-arm-none-eabi-10.3-2021.10-win32/gcc-arm-none-eabi-10.3-2021.10/bin/../lib/gcc/arm-none-eabi/10.3.1/../../../../arm-none-eabi/lib/thumb/v7e-m+fp/hard\libnosys.a(sbrk.o)
 .debug_frame   0x000031fc       0x30 c:/dev_tools/gcc-arm-none-eabi-10.3-2021.10-win32/gcc-arm-none-eabi-10.3-2021.10/bin/../lib/gcc/arm-none-eabi/10.3.1/thumb/v7e-m+fp/hard\libgcc.a(_arm_muldf3.o)
 .debug_frame   0x0000322c       0xac c:/dev_tools/gcc-arm-none-eabi-10.3-2021.10-win32/gcc-arm-none-eabi-10.3-2021.10/bin/../lib/gcc/arm-none-eabi/10.3.1/thumb/v7e-m+fp/hard\libgcc.a(_arm_addsubdf3.o)
 .debug_frame   0x000032d8       0x24 c:/dev_tools/gcc-arm-none-eabi-10.3-2021.10-win32/gcc-arm-none-eabi-10.3-2021.10/bin/../lib/gcc/arm-none-eabi/10.3.1/thumb/v7e-m+fp/hard\libgcc.a(_arm_fixunsdfsi.o)
 .debug_frame   0x000032fc       0x2c c:/dev_tools/gcc-arm-none-eabi-10.3-2021.10-win32/gcc-arm-none-eabi-10.3-2021.10/bin/../lib/gcc/arm-none-eabi/10.3.1/thumb/v7e-m+fp/hard\libgcc.a(_aeabi_uldivmod.o)
 .debug_frame   0x00003328       0x34 c:/dev_tools/gcc-arm-none-eabi-10.3-2021.10-win32/gcc-arm-none-eabi-10.3-2021.10/bin/../lib/gcc/arm-none-eabi/10.3.1/thumb/v7e-m+fp/hard\libgcc.a(_udivmoddi4.o)

Cross Reference Table

Symbol                                            File
ADC_IRQHandler                                    build/startup_stm32f411xe.o
AHBPrescTable                                     build/system_stm32f4xx.o
                                                  build/stm32f4xx_hal_rcc.o
APBPrescTable                                     build/system_stm32f4xx.o
                                                  build/stm32f4xx_hal_rcc.o
Ax_string                                         build/main_functions.o
Ay_string                                         build/main_functions.o
Az_string                                         build/main_functions.o
BusFault_Handler                                  build/stm32f4xx_it.o
DMA1_Stream0_IRQHandler                           build/startup_stm32f411xe.o
DMA1_Stream1_IRQHandler                           build/startup_stm32f411xe.o
DMA1_Stream2_IRQHandler                           build/startup_stm32f411xe.o
DMA1_Stream3_IRQHandler                           build/startup_stm32f411xe.o
DMA1_Stream4_IRQHandler                           build/startup_stm32f411xe.o
DMA1_Stream5_IRQHandler                           build/startup_stm32f411xe.o
DMA1_Stream6_IRQHandler                           build/stm32f4xx_it.o
DMA1_Stream7_IRQHandler                           build/startup_stm32f411xe.o
DMA2_Stream0_IRQHandler                           build/startup_stm32f411xe.o
DMA2_Stream1_IRQHandler                           build/startup_stm32f411xe.o
DMA2_Stream2_IRQHandler                           build/startup_stm32f411xe.o
DMA2_Stream3_IRQHandler                           build/startup_stm32f411xe.o
DMA2_Stream4_IRQHandler                           build/startup_stm32f411xe.o
DMA2_Stream5_IRQHandler                           build/startup_stm32f411xe.o
DMA2_Stream6_IRQHandler                           build/startup_stm32f411xe.o
DMA2_Stream7_IRQHandler                           build/startup_stm32f411xe.o
DebugMon_Handler                                  build/stm32f4xx_it.o
Default_Handler                                   build/startup_stm32f411xe.o
EXTI0_IRQHandler                                  build/startup_stm32f411xe.o
EXTI15_10_IRQHandler                              build/startup_stm32f411xe.o
EXTI1_IRQHandler                                  build/startup_stm32f411xe.o
EXTI2_IRQHandler                                  build/stm32f4xx_it.o
EXTI3_IRQHandler                                  build/startup_stm32f411xe.o
EXTI4_IRQHandler                                  build/startup_stm32f411xe.o
EXTI9_5_IRQHandler                                build/startup_stm32f411xe.o
Error_Handler                                     build/main.o
                                                  build/stm32f4xx_hal_msp.o
FATFS_GetAttachedDriversNbr                       build/ff_gen_drv.o
FATFS_LinkDriver                                  build/ff_gen_drv.o
                                                  build/fatfs.o
FATFS_LinkDriverEx                                build/ff_gen_drv.o
FATFS_UnLinkDriver                                build/ff_gen_drv.o
FATFS_UnLinkDriverEx                              build/ff_gen_drv.o
FLASH_Erase_Sector                                build/stm32f4xx_hal_flash_ex.o
                                                  build/stm32f4xx_hal_flash.o
FLASH_FlushCaches                                 build/stm32f4xx_hal_flash_ex.o
                                                  build/stm32f4xx_hal_flash.o
FLASH_IRQHandler                                  build/startup_stm32f411xe.o
FLASH_WaitForLastOperation                        build/stm32f4xx_hal_flash.o
                                                  build/stm32f4xx_hal_flash_ex.o
FPU_IRQHandler                                    build/startup_stm32f411xe.o
FSM                                               build/main_functions.o
FatFsCnt                                          build/stm32f4xx_it.o
Gx_string                                         build/main_functions.o
Gy_string                                         build/main_functions.o
Gz_string                                         build/main_functions.o
HAL_DBGMCU_DisableDBGSleepMode                    build/stm32f4xx_hal.o
HAL_DBGMCU_DisableDBGStandbyMode                  build/stm32f4xx_hal.o
HAL_DBGMCU_DisableDBGStopMode                     build/stm32f4xx_hal.o
HAL_DBGMCU_EnableDBGSleepMode                     build/stm32f4xx_hal.o
HAL_DBGMCU_EnableDBGStandbyMode                   build/stm32f4xx_hal.o
HAL_DBGMCU_EnableDBGStopMode                      build/stm32f4xx_hal.o
HAL_DMAEx_ChangeMemory                            build/stm32f4xx_hal_dma_ex.o
HAL_DMAEx_MultiBufferStart                        build/stm32f4xx_hal_dma_ex.o
HAL_DMAEx_MultiBufferStart_IT                     build/stm32f4xx_hal_dma_ex.o
HAL_DMA_Abort                                     build/stm32f4xx_hal_dma.o
                                                  build/stm32f4xx_hal_spi.o
                                                  build/stm32f4xx_hal_uart.o
HAL_DMA_Abort_IT                                  build/stm32f4xx_hal_dma.o
                                                  build/stm32f4xx_hal_spi.o
                                                  build/stm32f4xx_hal_uart.o
                                                  build/stm32f4xx_hal_i2c.o
HAL_DMA_DeInit                                    build/stm32f4xx_hal_dma.o
                                                  build/stm32f4xx_hal_msp.o
HAL_DMA_GetError                                  build/stm32f4xx_hal_dma.o
                                                  build/stm32f4xx_hal_uart.o
                                                  build/stm32f4xx_hal_i2c.o
HAL_DMA_GetState                                  build/stm32f4xx_hal_dma.o
                                                  build/stm32f4xx_hal_i2c.o
HAL_DMA_IRQHandler                                build/stm32f4xx_hal_dma.o
                                                  build/stm32f4xx_it.o
HAL_DMA_Init                                      build/stm32f4xx_hal_dma.o
                                                  build/stm32f4xx_hal_msp.o
HAL_DMA_PollForTransfer                           build/stm32f4xx_hal_dma.o
HAL_DMA_RegisterCallback                          build/stm32f4xx_hal_dma.o
HAL_DMA_Start                                     build/stm32f4xx_hal_dma.o
HAL_DMA_Start_IT                                  build/stm32f4xx_hal_dma.o
                                                  build/stm32f4xx_hal_spi.o
                                                  build/stm32f4xx_hal_uart.o
                                                  build/stm32f4xx_hal_i2c.o
HAL_DMA_UnRegisterCallback                        build/stm32f4xx_hal_dma.o
HAL_DeInit                                        build/stm32f4xx_hal.o
HAL_Delay                                         build/stm32f4xx_hal.o
                                                  build/fatfs_sd.o
                                                  build/accelerometer_data.o
                                                  build/i2c-lcd.o
                                                  build/main_functions.o
HAL_DisableCompensationCell                       build/stm32f4xx_hal.o
HAL_EXTI_ClearConfigLine                          build/stm32f4xx_hal_exti.o
HAL_EXTI_ClearPending                             build/stm32f4xx_hal_exti.o
HAL_EXTI_GenerateSWI                              build/stm32f4xx_hal_exti.o
HAL_EXTI_GetConfigLine                            build/stm32f4xx_hal_exti.o
HAL_EXTI_GetHandle                                build/stm32f4xx_hal_exti.o
HAL_EXTI_GetPending                               build/stm32f4xx_hal_exti.o
HAL_EXTI_IRQHandler                               build/stm32f4xx_hal_exti.o
HAL_EXTI_RegisterCallback                         build/stm32f4xx_hal_exti.o
HAL_EXTI_SetConfigLine                            build/stm32f4xx_hal_exti.o
HAL_EnableCompensationCell                        build/stm32f4xx_hal.o
HAL_FLASHEx_AdvOBGetConfig                        build/stm32f4xx_hal_flash_ex.o
HAL_FLASHEx_AdvOBProgram                          build/stm32f4xx_hal_flash_ex.o
HAL_FLASHEx_DisableFlashSleepMode                 build/stm32f4xx_hal_flash_ramfunc.o
HAL_FLASHEx_EnableFlashSleepMode                  build/stm32f4xx_hal_flash_ramfunc.o
HAL_FLASHEx_Erase                                 build/stm32f4xx_hal_flash_ex.o
HAL_FLASHEx_Erase_IT                              build/stm32f4xx_hal_flash_ex.o
HAL_FLASHEx_OBGetConfig                           build/stm32f4xx_hal_flash_ex.o
HAL_FLASHEx_OBProgram                             build/stm32f4xx_hal_flash_ex.o
HAL_FLASHEx_OB_DeSelectPCROP                      build/stm32f4xx_hal_flash_ex.o
HAL_FLASHEx_OB_SelectPCROP                        build/stm32f4xx_hal_flash_ex.o
HAL_FLASHEx_StartFlashInterfaceClk                build/stm32f4xx_hal_flash_ramfunc.o
HAL_FLASHEx_StopFlashInterfaceClk                 build/stm32f4xx_hal_flash_ramfunc.o
HAL_FLASH_EndOfOperationCallback                  build/stm32f4xx_hal_flash.o
HAL_FLASH_GetError                                build/stm32f4xx_hal_flash.o
HAL_FLASH_IRQHandler                              build/stm32f4xx_hal_flash.o
HAL_FLASH_Lock                                    build/stm32f4xx_hal_flash.o
HAL_FLASH_OB_Launch                               build/stm32f4xx_hal_flash.o
HAL_FLASH_OB_Lock                                 build/stm32f4xx_hal_flash.o
HAL_FLASH_OB_Unlock                               build/stm32f4xx_hal_flash.o
HAL_FLASH_OperationErrorCallback                  build/stm32f4xx_hal_flash.o
HAL_FLASH_Program                                 build/stm32f4xx_hal_flash.o
HAL_FLASH_Program_IT                              build/stm32f4xx_hal_flash.o
HAL_FLASH_Unlock                                  build/stm32f4xx_hal_flash.o
HAL_GPIO_DeInit                                   build/stm32f4xx_hal_gpio.o
                                                  build/stm32f4xx_hal_msp.o
HAL_GPIO_EXTI_Callback                            build/main_functions.o
HAL_GPIO_EXTI_IRQHandler                          build/stm32f4xx_hal_gpio.o
                                                  build/stm32f4xx_it.o
HAL_GPIO_Init                                     build/stm32f4xx_hal_gpio.o
                                                  build/stm32f4xx_hal_rcc.o
                                                  build/stm32f4xx_hal_msp.o
                                                  build/main.o
HAL_GPIO_LockPin                                  build/stm32f4xx_hal_gpio.o
HAL_GPIO_ReadPin                                  build/stm32f4xx_hal_gpio.o
HAL_GPIO_TogglePin                                build/stm32f4xx_hal_gpio.o
HAL_GPIO_WritePin                                 build/stm32f4xx_hal_gpio.o
                                                  build/fatfs_sd.o
                                                  build/main.o
HAL_GetDEVID                                      build/stm32f4xx_hal.o
HAL_GetHalVersion                                 build/stm32f4xx_hal.o
HAL_GetREVID                                      build/stm32f4xx_hal.o
HAL_GetTick                                       build/stm32f4xx_hal.o
                                                  build/stm32f4xx_hal_spi.o
                                                  build/stm32f4xx_hal_uart.o
                                                  build/stm32f4xx_hal_pwr_ex.o
                                                  build/stm32f4xx_hal_dma.o
                                                  build/stm32f4xx_hal_flash.o
                                                  build/stm32f4xx_hal_rcc_ex.o
                                                  build/stm32f4xx_hal_rcc.o
                                                  build/stm32f4xx_hal_i2c.o
HAL_GetTickFreq                                   build/stm32f4xx_hal.o
HAL_GetTickPrio                                   build/stm32f4xx_hal.o
HAL_GetUIDw0                                      build/stm32f4xx_hal.o
HAL_GetUIDw1                                      build/stm32f4xx_hal.o
HAL_GetUIDw2                                      build/stm32f4xx_hal.o
HAL_HalfDuplex_EnableReceiver                     build/stm32f4xx_hal_uart.o
HAL_HalfDuplex_EnableTransmitter                  build/stm32f4xx_hal_uart.o
HAL_HalfDuplex_Init                               build/stm32f4xx_hal_uart.o
HAL_I2CEx_ConfigAnalogFilter                      build/stm32f4xx_hal_i2c_ex.o
HAL_I2CEx_ConfigDigitalFilter                     build/stm32f4xx_hal_i2c_ex.o
HAL_I2C_AbortCpltCallback                         build/stm32f4xx_hal_i2c.o
HAL_I2C_AddrCallback                              build/stm32f4xx_hal_i2c.o
HAL_I2C_DeInit                                    build/stm32f4xx_hal_i2c.o
HAL_I2C_DisableListen_IT                          build/stm32f4xx_hal_i2c.o
HAL_I2C_ER_IRQHandler                             build/stm32f4xx_hal_i2c.o
HAL_I2C_EV_IRQHandler                             build/stm32f4xx_hal_i2c.o
HAL_I2C_EnableListen_IT                           build/stm32f4xx_hal_i2c.o
HAL_I2C_ErrorCallback                             build/stm32f4xx_hal_i2c.o
HAL_I2C_GetError                                  build/stm32f4xx_hal_i2c.o
HAL_I2C_GetMode                                   build/stm32f4xx_hal_i2c.o
HAL_I2C_GetState                                  build/stm32f4xx_hal_i2c.o
HAL_I2C_Init                                      build/stm32f4xx_hal_i2c.o
                                                  build/main.o
HAL_I2C_IsDeviceReady                             build/stm32f4xx_hal_i2c.o
HAL_I2C_ListenCpltCallback                        build/stm32f4xx_hal_i2c.o
HAL_I2C_MasterRxCpltCallback                      build/stm32f4xx_hal_i2c.o
HAL_I2C_MasterTxCpltCallback                      build/stm32f4xx_hal_i2c.o
HAL_I2C_Master_Abort_IT                           build/stm32f4xx_hal_i2c.o
HAL_I2C_Master_Receive                            build/stm32f4xx_hal_i2c.o
HAL_I2C_Master_Receive_DMA                        build/stm32f4xx_hal_i2c.o
HAL_I2C_Master_Receive_IT                         build/stm32f4xx_hal_i2c.o